Archive member included to satisfy reference by file (symbol)

/home/andre/STM32CubeIDE/workspace_1.15.1/champi_libs_stm/Debug/libchampi_libs_stm.a(ChampiCan.o)
                              ./Core/Src/main.o (ChampiCan::ChampiCan(FDCAN_HandleTypeDef*))
/home/andre/STM32CubeIDE/workspace_1.15.1/champi_libs_stm/Debug/libchampi_libs_stm.a(ChampiState.o)
                              ./Core/Src/main.o (ChampiState::ChampiState())
/home/andre/STM32CubeIDE/workspace_1.15.1/champi_libs_stm/Debug/libchampi_libs_stm.a(MessageRecomposer.o)
                              ./Core/Src/main.o (MessageRecomposer::MessageRecomposer())
/home/andre/STM32CubeIDE/workspace_1.15.1/champi_libs_stm/Debug/libchampi_libs_stm.a(msgs_can.pb.o)
                              /home/andre/STM32CubeIDE/workspace_1.15.1/champi_libs_stm/Debug/libchampi_libs_stm.a(ChampiState.o) (msgs_can_ActStatus_msg)
/home/andre/STM32CubeIDE/workspace_1.15.1/champi_libs_stm/Debug/libchampi_libs_stm.a(pb_common.o)
                              /home/andre/STM32CubeIDE/workspace_1.15.1/champi_libs_stm/Debug/libchampi_libs_stm.a(msgs_can.pb.o) (pb_default_field_callback)
/home/andre/STM32CubeIDE/workspace_1.15.1/champi_libs_stm/Debug/libchampi_libs_stm.a(pb_decode.o)
                              ./Core/Src/main.o (pb_istream_from_buffer)
/home/andre/STM32CubeIDE/workspace_1.15.1/champi_libs_stm/Debug/libchampi_libs_stm.a(pb_encode.o)
                              /home/andre/STM32CubeIDE/workspace_1.15.1/champi_libs_stm/Debug/libchampi_libs_stm.a(ChampiState.o) (pb_ostream_from_buffer)
/home/andre/st/stm32cubeide_1.15.1/plugins/com.st.stm32cube.ide.mcu.externaltools.gnu-tools-for-stm32.12.3.rel1.linux64_1.0.100.202403111256/tools/bin/../lib/gcc/arm-none-eabi/12.3.1/../../../../arm-none-eabi/lib/thumb/v7e-m+fp/hard/libstdc++_nano.a(del_ops.o)
                              /home/andre/STM32CubeIDE/workspace_1.15.1/champi_libs_stm/Debug/libchampi_libs_stm.a(ChampiCan.o) (operator delete(void*, unsigned int))
/home/andre/st/stm32cubeide_1.15.1/plugins/com.st.stm32cube.ide.mcu.externaltools.gnu-tools-for-stm32.12.3.rel1.linux64_1.0.100.202403111256/tools/bin/../lib/gcc/arm-none-eabi/12.3.1/../../../../arm-none-eabi/lib/thumb/v7e-m+fp/hard/libstdc++_nano.a(allocator-inst.o)
                              /home/andre/STM32CubeIDE/workspace_1.15.1/champi_libs_stm/Debug/libchampi_libs_stm.a(MessageRecomposer.o) (std::allocator<char>::allocator())
/home/andre/st/stm32cubeide_1.15.1/plugins/com.st.stm32cube.ide.mcu.externaltools.gnu-tools-for-stm32.12.3.rel1.linux64_1.0.100.202403111256/tools/bin/../lib/gcc/arm-none-eabi/12.3.1/../../../../arm-none-eabi/lib/thumb/v7e-m+fp/hard/libstdc++_nano.a(string-inst.o)
                              /home/andre/STM32CubeIDE/workspace_1.15.1/champi_libs_stm/Debug/libchampi_libs_stm.a(MessageRecomposer.o) (std::__cxx11::basic_string<char, std::char_traits<char>, std::allocator<char> >::basic_string())
/home/andre/st/stm32cubeide_1.15.1/plugins/com.st.stm32cube.ide.mcu.externaltools.gnu-tools-for-stm32.12.3.rel1.linux64_1.0.100.202403111256/tools/bin/../lib/gcc/arm-none-eabi/12.3.1/../../../../arm-none-eabi/lib/thumb/v7e-m+fp/hard/libstdc++_nano.a(del_op.o)
                              /home/andre/st/stm32cubeide_1.15.1/plugins/com.st.stm32cube.ide.mcu.externaltools.gnu-tools-for-stm32.12.3.rel1.linux64_1.0.100.202403111256/tools/bin/../lib/gcc/arm-none-eabi/12.3.1/../../../../arm-none-eabi/lib/thumb/v7e-m+fp/hard/libstdc++_nano.a(del_ops.o) (operator delete(void*))
/home/andre/st/stm32cubeide_1.15.1/plugins/com.st.stm32cube.ide.mcu.externaltools.gnu-tools-for-stm32.12.3.rel1.linux64_1.0.100.202403111256/tools/bin/../lib/gcc/arm-none-eabi/12.3.1/../../../../arm-none-eabi/lib/thumb/v7e-m+fp/hard/libstdc++_nano.a(new_op.o)
                              /home/andre/st/stm32cubeide_1.15.1/plugins/com.st.stm32cube.ide.mcu.externaltools.gnu-tools-for-stm32.12.3.rel1.linux64_1.0.100.202403111256/tools/bin/../lib/gcc/arm-none-eabi/12.3.1/../../../../arm-none-eabi/lib/thumb/v7e-m+fp/hard/libstdc++_nano.a(string-inst.o) (operator new(unsigned int))
/home/andre/st/stm32cubeide_1.15.1/plugins/com.st.stm32cube.ide.mcu.externaltools.gnu-tools-for-stm32.12.3.rel1.linux64_1.0.100.202403111256/tools/bin/../lib/gcc/arm-none-eabi/12.3.1/../../../../arm-none-eabi/lib/thumb/v7e-m+fp/hard/libstdc++_nano.a(functexcept.o)
                              /home/andre/st/stm32cubeide_1.15.1/plugins/com.st.stm32cube.ide.mcu.externaltools.gnu-tools-for-stm32.12.3.rel1.linux64_1.0.100.202403111256/tools/bin/../lib/gcc/arm-none-eabi/12.3.1/../../../../arm-none-eabi/lib/thumb/v7e-m+fp/hard/libstdc++_nano.a(string-inst.o) (std::__throw_bad_alloc())
/home/andre/st/stm32cubeide_1.15.1/plugins/com.st.stm32cube.ide.mcu.externaltools.gnu-tools-for-stm32.12.3.rel1.linux64_1.0.100.202403111256/tools/bin/../lib/gcc/arm-none-eabi/12.3.1/../../../../arm-none-eabi/lib/thumb/v7e-m+fp/hard/libstdc++_nano.a(new_handler.o)
[...]
Memory Configuration

Name             Origin             Length             Attributes
RAM              0x20000000         0x00008000         xrw
FLASH            0x08000000         0x00020000         xr
*default*        0x00000000         0xffffffff

Linker script and memory map

LOAD /home/andre/st/stm32cubeide_1.15.1/plugins/com.st.stm32cube.ide.mcu.externaltools.gnu-tools-for-stm32.12.3.rel1.linux64_1.0.100.202403111256/tools/bin/../lib/gcc/arm-none-eabi/12.3.1/thumb/v7e-m+fp/hard/crti.o
LOAD /home/andre/st/stm32cubeide_1.15.1/plugins/com.st.stm32cube.ide.mcu.externaltools.gnu-tools-for-stm32.12.3.rel1.linux64_1.0.100.202403111256/tools/bin/../lib/gcc/arm-none-eabi/12.3.1/thumb/v7e-m+fp/hard/crtbegin.o
LOAD /home/andre/st/stm32cubeide_1.15.1/plugins/com.st.stm32cube.ide.mcu.externaltools.gnu-tools-for-stm32.12.3.rel1.linux64_1.0.100.202403111256/tools/bin/../lib/gcc/arm-none-eabi/12.3.1/../../../../arm-none-eabi/lib/thumb/v7e-m+fp/hard/crt0.o
LOAD ./Core/Src/main.o
LOAD ./Core/Src/stm32g4xx_hal_msp.o
LOAD ./Core/Src/stm32g4xx_it.o
LOAD ./Core/Src/syscalls.o
LOAD ./Core/Src/sysmem.o
LOAD ./Core/Src/system_stm32g4xx.o
LOAD ./Core/Startup/startup_stm32g431kbtx.o
LOAD ./Drivers/STM32G4xx_HAL_Driver/Src/stm32g4xx_hal.o
LOAD ./Drivers/STM32G4xx_HAL_Driver/Src/stm32g4xx_hal_cortex.o
LOAD ./Drivers/STM32G4xx_HAL_Driver/Src/stm32g4xx_hal_dma.o
LOAD ./Drivers/STM32G4xx_HAL_Driver/Src/stm32g4xx_hal_dma_ex.o
LOAD ./Drivers/STM32G4xx_HAL_Driver/Src/stm32g4xx_hal_exti.o
LOAD ./Drivers/STM32G4xx_HAL_Driver/Src/stm32g4xx_hal_fdcan.o
LOAD ./Drivers/STM32G4xx_HAL_Driver/Src/stm32g4xx_hal_flash.o
LOAD ./Drivers/STM32G4xx_HAL_Driver/Src/stm32g4xx_hal_flash_ex.o
LOAD ./Drivers/STM32G4xx_HAL_Driver/Src/stm32g4xx_hal_flash_ramfunc.o
LOAD ./Drivers/STM32G4xx_HAL_Driver/Src/stm32g4xx_hal_gpio.o
LOAD ./Drivers/STM32G4xx_HAL_Driver/Src/stm32g4xx_hal_pwr.o
LOAD ./Drivers/STM32G4xx_HAL_Driver/Src/stm32g4xx_hal_pwr_ex.o
LOAD ./Drivers/STM32G4xx_HAL_Driver/Src/stm32g4xx_hal_rcc.o
LOAD ./Drivers/STM32G4xx_HAL_Driver/Src/stm32g4xx_hal_rcc_ex.o
LOAD ./Drivers/STM32G4xx_HAL_Driver/Src/stm32g4xx_hal_tim.o
LOAD ./Drivers/STM32G4xx_HAL_Driver/Src/stm32g4xx_hal_tim_ex.o
LOAD ./Drivers/STM32G4xx_HAL_Driver/Src/stm32g4xx_hal_uart.o
LOAD ./Drivers/STM32G4xx_HAL_Driver/Src/stm32g4xx_hal_uart_ex.o
LOAD /home/andre/STM32CubeIDE/workspace_1.15.1/champi_libs_stm/Debug/libchampi_libs_stm.a
START GROUP
LOAD /home/andre/st/stm32cubeide_1.15.1/plugins/com.st.stm32cube.ide.mcu.externaltools.gnu-tools-for-stm32.12.3.rel1.linux64_1.0.100.202403111256/tools/bin/../lib/gcc/arm-none-eabi/12.3.1/../../../../arm-none-eabi/lib/thumb/v7e-m+fp/hard/libstdc++_nano.a
LOAD /home/andre/st/stm32cubeide_1.15.1/plugins/com.st.stm32cube.ide.mcu.externaltools.gnu-tools-for-stm32.12.3.rel1.linux64_1.0.100.202403111256/tools/bin/../lib/gcc/arm-none-eabi/12.3.1/../../../../arm-none-eabi/lib/thumb/v7e-m+fp/hard/libsupc++_nano.a
END GROUP
LOAD /home/andre/st/stm32cubeide_1.15.1/plugins/com.st.stm32cube.ide.mcu.externaltools.gnu-tools-for-stm32.12.3.rel1.linux64_1.0.100.202403111256/tools/bin/../lib/gcc/arm-none-eabi/12.3.1/../../../../arm-none-eabi/lib/thumb/v7e-m+fp/hard/libstdc++_nano.a
LOAD /home/andre/st/stm32cubeide_1.15.1/plugins/com.st.stm32cube.ide.mcu.externaltools.gnu-tools-for-stm32.12.3.rel1.linux64_1.0.100.202403111256/tools/bin/../lib/gcc/arm-none-eabi/12.3.1/../../../../arm-none-eabi/lib/thumb/v7e-m+fp/hard/libm.a
LOAD /home/andre/st/stm32cubeide_1.15.1/plugins/com.st.stm32cube.ide.mcu.externaltools.gnu-tools-for-stm32.12.3.rel1.linux64_1.0.100.202403111256/tools/bin/../lib/gcc/arm-none-eabi/12.3.1/../../../../arm-none-eabi/lib/thumb/v7e-m+fp/hard/libc_nano.a
START GROUP
LOAD /home/andre/st/stm32cubeide_1.15.1/plugins/com.st.stm32cube.ide.mcu.externaltools.gnu-tools-for-stm32.12.3.rel1.linux64_1.0.100.202403111256/tools/bin/../lib/gcc/arm-none-eabi/12.3.1/thumb/v7e-m+fp/hard/libgcc.a
LOAD /home/andre/st/stm32cubeide_1.15.1/plugins/com.st.stm32cube.ide.mcu.externaltools.gnu-tools-for-stm32.12.3.rel1.linux64_1.0.100.202403111256/tools/bin/../lib/gcc/arm-none-eabi/12.3.1/../../../../arm-none-eabi/lib/thumb/v7e-m+fp/hard/libc_nano.a
END GROUP
START GROUP
LOAD /home/andre/st/stm32cubeide_1.15.1/plugins/com.st.stm32cube.ide.mcu.externaltools.gnu-tools-for-stm32.12.3.rel1.linux64_1.0.100.202403111256/tools/bin/../lib/gcc/arm-none-eabi/12.3.1/thumb/v7e-m+fp/hard/libgcc.a
LOAD /home/andre/st/stm32cubeide_1.15.1/plugins/com.st.stm32cube.ide.mcu.externaltools.gnu-tools-for-stm32.12.3.rel1.linux64_1.0.100.202403111256/tools/bin/../lib/gcc/arm-none-eabi/12.3.1/../../../../arm-none-eabi/lib/thumb/v7e-m+fp/hard/libc_nano.a
LOAD /home/andre/st/stm32cubeide_1.15.1/plugins/com.st.stm32cube.ide.mcu.externaltools.gnu-tools-for-stm32.12.3.rel1.linux64_1.0.100.202403111256/tools/bin/../lib/gcc/arm-none-eabi/12.3.1/../../../../arm-none-eabi/lib/thumb/v7e-m+fp/hard/libnosys.a
END GROUP
START GROUP
LOAD /home/andre/st/stm32cubeide_1.15.1/plugins/com.st.stm32cube.ide.mcu.externaltools.gnu-tools-for-stm32.12.3.rel1.linux64_1.0.100.202403111256/tools/bin/../lib/gcc/arm-none-eabi/12.3.1/thumb/v7e-m+fp/hard/libgcc.a
LOAD /home/andre/st/stm32cubeide_1.15.1/plugins/com.st.stm32cube.ide.mcu.externaltools.gnu-tools-for-stm32.12.3.rel1.linux64_1.0.100.202403111256/tools/bin/../lib/gcc/arm-none-eabi/12.3.1/../../../../arm-none-eabi/lib/thumb/v7e-m+fp/hard/libc_nano.a
LOAD /home/andre/st/stm32cubeide_1.15.1/plugins/com.st.stm32cube.ide.mcu.externaltools.gnu-tools-for-stm32.12.3.rel1.linux64_1.0.100.202403111256/tools/bin/../lib/gcc/arm-none-eabi/12.3.1/../../../../arm-none-eabi/lib/thumb/v7e-m+fp/hard/libnosys.a
END GROUP
LOAD /home/andre/st/stm32cubeide_1.15.1/plugins/com.st.stm32cube.ide.mcu.externaltools.gnu-tools-for-stm32.12.3.rel1.linux64_1.0.100.202403111256/tools/bin/../lib/gcc/arm-none-eabi/12.3.1/thumb/v7e-m+fp/hard/crtend.o
LOAD /home/andre/st/stm32cubeide_1.15.1/plugins/com.st.stm32cube.ide.mcu.externaltools.gnu-tools-for-stm32.12.3.rel1.linux64_1.0.100.202403111256/tools/bin/../lib/gcc/arm-none-eabi/12.3.1/thumb/v7e-m+fp/hard/crtn.o
                0x20008000                        _estack = (ORIGIN (RAM) + LENGTH (RAM))
                0x00000200                        _Min_Heap_Size = 0x200
                0x00000400                        _Min_Stack_Size = 0x400

.isr_vector     0x08000000      0x1d8
                0x08000000                        . = ALIGN (0x4)
 *(.isr_vector)
 .isr_vector    0x08000000      0x1d8 ./Core/Startup/startup_stm32g431kbtx.o
                0x08000000                g_pfnVectors
                0x080001d8                        . = ALIGN (0x4)

.text           0x080001e0     0xa06c
                0x080001e0                        . = ALIGN (0x4)
 *(.text)
 .text          0x080001e0       0x40 /home/andre/st/stm32cubeide_1.15.1/plugins/com.st.stm32cube.ide.mcu.externaltools.gnu-tools-for-stm32.12.3.rel1.linux64_1.0.100.202403111256/tools/bin/../lib/gcc/arm-none-eabi/12.3.1/thumb/v7e-m+fp/hard/crtbegin.o
 .text          0x08000220       0xa0 /home/andre/st/stm32cubeide_1.15.1/plugins/com.st.stm32cube.ide.mcu.externaltools.gnu-tools-for-stm32.12.3.rel1.linux64_1.0.100.202403111256/tools/bin/../lib/gcc/arm-none-eabi/12.3.1/../../../../arm-none-eabi/lib/thumb/v7e-m+fp/hard/libc_nano.a(libc_a-memchr.o)
                0x08000220                memchr
 .text          0x080002c0      0x378 /home/andre/st/stm32cubeide_1.15.1/plugins/com.st.stm32cube.ide.mcu.externaltools.gnu-tools-for-stm32.12.3.rel1.linux64_1.0.100.202403111256/tools/bin/../lib/gcc/arm-none-eabi/12.3.1/thumb/v7e-m+fp/hard/libgcc.a(_arm_addsubdf3.o)
                0x080002c0                __aeabi_drsub
                0x080002c8                __aeabi_dsub
                0x080002c8                __subdf3
                0x080002cc                __adddf3
                0x080002cc                __aeabi_dadd
                0x08000544                __aeabi_ui2d
                0x08000544                __floatunsidf
                0x08000564                __floatsidf
                0x08000564                __aeabi_i2d
                0x08000588                __extendsfdf2
                0x08000588                __aeabi_f2d
                0x080005cc                __aeabi_ul2d
                0x080005cc                __floatundidf
                0x080005dc                __floatdidf
                0x080005dc                __aeabi_l2d
 .text          0x08000638      0x424 /home/andre/st/stm32cubeide_1.15.1/plugins/com.st.stm32cube.ide.mcu.externaltools.gnu-tools-for-stm32.12.3.rel1.linux64_1.0.100.202403111256/tools/bin/../lib/gcc/arm-none-eabi/12.3.1/thumb/v7e-m+fp/hard/libgcc.a(_arm_muldivdf3.o)
                0x08000638                __aeabi_dmul
                0x08000638                __muldf3
                0x0800088c                __aeabi_ddiv
                0x0800088c                __divdf3
 .text          0x08000a5c       0x50 /home/andre/st/stm32cubeide_1.15.1/plugins/com.st.stm32cube.ide.mcu.externaltools.gnu-tools-for-stm32.12.3.rel1.linux64_1.0.100.202403111256/tools/bin/../lib/gcc/arm-none-eabi/12.3.1/thumb/v7e-m+fp/hard/libgcc.a(_arm_fixdfsi.o)
                0x08000a5c                __fixdfsi
                0x08000a5c                __aeabi_d2iz
 .text          0x08000aac       0x30 /home/andre/st/stm32cubeide_1.15.1/plugins/com.st.stm32cube.ide.mcu.externaltools.gnu-tools-for-stm32.12.3.rel1.linux64_1.0.100.202403111256/tools/bin/../lib/gcc/arm-none-eabi/12.3.1/thumb/v7e-m+fp/hard/libgcc.a(_aeabi_uldivmod.o)
                0x08000aac                __aeabi_uldivmod
 .text          0x08000adc      0x2bc /home/andre/st/stm32cubeide_1.15.1/plugins/com.st.stm32cube.ide.mcu.externaltools.gnu-tools-for-stm32.12.3.rel1.linux64_1.0.100.202403111256/tools/bin/../lib/gcc/arm-none-eabi/12.3.1/thumb/v7e-m+fp/hard/libgcc.a(_udivmoddi4.o)
                0x08000adc                __udivmoddi4
 .text          0x08000d98        0x4 /home/andre/st/stm32cubeide_1.15.1/plugins/com.st.stm32cube.ide.mcu.externaltools.gnu-tools-for-stm32.12.3.rel1.linux64_1.0.100.202403111256/tools/bin/../lib/gcc/arm-none-eabi/12.3.1/thumb/v7e-m+fp/hard/libgcc.a(_dvmd_tls.o)
                0x08000d98                __aeabi_ldiv0
                0x08000d98                __aeabi_idiv0
 *(.text*)
 .text._write   0x08000d9c       0x40 ./Core/Src/main.o
                0x08000d9c                _write
 .text.HAL_FDCAN_RxFifo0Callback
                0x08000ddc       0x78 ./Core/Src/main.o
                0x08000ddc                HAL_FDCAN_RxFifo0Callback
 .text._Z29on_receive_led_ring_distancesRKNSt7__cxx1112basic_stringIcSt11char_traitsIcESaIcEEE
                0x08000e54       0xcc ./Core/Src/main.o
                0x08000e54                on_receive_led_ring_distances(std::__cxx11::basic_string<char, std::char_traits<char>, std::allocator<char> > const&)
 .text._Z7Set_LEDiiii
                0x08000f20       0x5c ./Core/Src/main.o
                0x08000f20                Set_LED(int, int, int, int)
 .text._Z11WS2812_Sendv
                0x08000f7c       0xe8 ./Core/Src/main.o
                0x08000f7c                WS2812_Send()
 .text.HAL_TIM_PWM_PulseFinishedCallback
                0x08001064       0x28 ./Core/Src/main.o
                0x08001064                HAL_TIM_PWM_PulseFinishedCallback
 .text._Z24animation_from_distancesv
                0x0800108c       0x94 ./Core/Src/main.o
                0x0800108c                animation_from_distances()
 .text._ZN9ChampiCanaSERKS_
                0x08001120       0x36 ./Core/Src/main.o
                0x08001120                ChampiCan::operator=(ChampiCan const&)
 .text._ZN17MessageRecomposeraSERKS_
                0x08001156       0x80 ./Core/Src/main.o
                0x08001156                MessageRecomposer::operator=(MessageRecomposer const&)
 *fill*         0x080011d6        0x2 
 .text._Z5setupv
                0x080011d8       0xa4 ./Core/Src/main.o
                0x080011d8                setup()
 .text.main     0x0800127c       0x34 ./Core/Src/main.o
                0x0800127c                main
 .text._Z18SystemClock_Configv
                0x080012b0       0xaa ./Core/Src/main.o
                0x080012b0                SystemClock_Config()
 *fill*         0x0800135a        0x2 
 .text._ZL14MX_FDCAN1_Initv
                0x0800135c       0x98 ./Core/Src/main.o
 .text._ZL12MX_TIM1_Initv
                0x080013f4      0x19c ./Core/Src/main.o
 .text._ZL19MX_USART2_UART_Initv
                0x08001590       0xc0 ./Core/Src/main.o
 .text._ZL11MX_DMA_Initv
                0x08001650       0x54 ./Core/Src/main.o
 .text._ZL12MX_GPIO_Initv
                0x080016a4       0x80 ./Core/Src/main.o
 .text.Error_Handler
                0x08001724        0xc ./Core/Src/main.o
                0x08001724                Error_Handler
 .text._Z41__static_initialization_and_destruction_0ii
                0x08001730       0x64 ./Core/Src/main.o
 .text._GLOBAL__sub_I_datasentflag
                0x08001794       0x10 ./Core/Src/main.o
 .text._GLOBAL__sub_D_datasentflag
                0x080017a4       0x10 ./Core/Src/main.o
 .text.HAL_MspInit
                0x080017b4       0x48 ./Core/Src/stm32g4xx_hal_msp.o
                0x080017b4                HAL_MspInit
 .text.HAL_FDCAN_MspInit
                0x080017fc       0xc4 ./Core/Src/stm32g4xx_hal_msp.o
                0x080017fc                HAL_FDCAN_MspInit
 .text.HAL_TIM_Base_MspInit
                0x080018c0       0x98 ./Core/Src/stm32g4xx_hal_msp.o
                0x080018c0                HAL_TIM_Base_MspInit
 .text.HAL_TIM_MspPostInit
                0x08001958       0x70 ./Core/Src/stm32g4xx_hal_msp.o
                0x08001958                HAL_TIM_MspPostInit
 .text.HAL_UART_MspInit
                0x080019c8       0xb0 ./Core/Src/stm32g4xx_hal_msp.o
                0x080019c8                HAL_UART_MspInit
 .text.NMI_Handler
                0x08001a78        0x8 ./Core/Src/stm32g4xx_it.o
                0x08001a78                NMI_Handler
 .text.HardFault_Handler
                0x08001a80        0x8 ./Core/Src/stm32g4xx_it.o
                0x08001a80                HardFault_Handler
 .text.MemManage_Handler
                0x08001a88        0x8 ./Core/Src/stm32g4xx_it.o
                0x08001a88                MemManage_Handler
 .text.BusFault_Handler
                0x08001a90        0x8 ./Core/Src/stm32g4xx_it.o
                0x08001a90                BusFault_Handler
 .text.UsageFault_Handler
                0x08001a98        0x8 ./Core/Src/stm32g4xx_it.o
                0x08001a98                UsageFault_Handler
 .text.SVC_Handler
                0x08001aa0        0xe ./Core/Src/stm32g4xx_it.o
                0x08001aa0                SVC_Handler
 .text.DebugMon_Handler
                0x08001aae        0xe ./Core/Src/stm32g4xx_it.o
                0x08001aae                DebugMon_Handler
 .text.PendSV_Handler
                0x08001abc        0xe ./Core/Src/stm32g4xx_it.o
                0x08001abc                PendSV_Handler
 .text.SysTick_Handler
                0x08001aca        0xc ./Core/Src/stm32g4xx_it.o
                0x08001aca                SysTick_Handler
 *fill*         0x08001ad6        0x2 
 .text.DMA1_Channel1_IRQHandler
                0x08001ad8       0x14 ./Core/Src/stm32g4xx_it.o
                0x08001ad8                DMA1_Channel1_IRQHandler
 .text.FDCAN1_IT0_IRQHandler
                0x08001aec       0x14 ./Core/Src/stm32g4xx_it.o
                0x08001aec                FDCAN1_IT0_IRQHandler
 .text._getpid  0x08001b00       0x10 ./Core/Src/syscalls.o
                0x08001b00                _getpid
 .text._kill    0x08001b10       0x20 ./Core/Src/syscalls.o
                0x08001b10                _kill
 .text._exit    0x08001b30       0x16 ./Core/Src/syscalls.o
                0x08001b30                _exit
 .text._read    0x08001b46       0x3a ./Core/Src/syscalls.o
                0x08001b46                _read
 .text._close   0x08001b80       0x18 ./Core/Src/syscalls.o
                0x08001b80                _close
 .text._fstat   0x08001b98       0x20 ./Core/Src/syscalls.o
                0x08001b98                _fstat
 .text._isatty  0x08001bb8       0x16 ./Core/Src/syscalls.o
                0x08001bb8                _isatty
 .text._lseek   0x08001bce       0x1a ./Core/Src/syscalls.o
                0x08001bce                _lseek
 .text._sbrk    0x08001be8       0x6c ./Core/Src/sysmem.o
                0x08001be8                _sbrk
 .text.SystemInit
                0x08001c54       0x24 ./Core/Src/system_stm32g4xx.o
                0x08001c54                SystemInit
 .text.Reset_Handler
                0x08001c78       0x50 ./Core/Startup/startup_stm32g431kbtx.o
                0x08001c78                Reset_Handler
 .text.Default_Handler
                0x08001cc8        0x2 ./Core/Startup/startup_stm32g431kbtx.o
                0x08001cc8                RTC_Alarm_IRQHandler
                0x08001cc8                EXTI2_IRQHandler
                0x08001cc8                TIM8_TRG_COM_IRQHandler
                0x08001cc8                TIM8_CC_IRQHandler
                0x08001cc8                TIM1_CC_IRQHandler
                0x08001cc8                USB_HP_IRQHandler
                0x08001cc8                CORDIC_IRQHandler
                0x08001cc8                EXTI3_IRQHandler
                0x08001cc8                I2C3_ER_IRQHandler
                0x08001cc8                EXTI0_IRQHandler
                0x08001cc8                I2C2_EV_IRQHandler
                0x08001cc8                FPU_IRQHandler
                0x08001cc8                FDCAN1_IT1_IRQHandler
                0x08001cc8                TIM1_UP_TIM16_IRQHandler
                0x08001cc8                ADC1_2_IRQHandler
                0x08001cc8                SPI1_IRQHandler
                0x08001cc8                TIM6_DAC_IRQHandler
                0x08001cc8                TIM8_UP_IRQHandler
                0x08001cc8                DMA2_Channel2_IRQHandler
                0x08001cc8                DMA1_Channel4_IRQHandler
                0x08001cc8                USART3_IRQHandler
                0x08001cc8                TIM4_IRQHandler
                0x08001cc8                DMA2_Channel1_IRQHandler
                0x08001cc8                I2C1_EV_IRQHandler
                0x08001cc8                DMA1_Channel6_IRQHandler
                0x08001cc8                UART4_IRQHandler
                0x08001cc8                DMA2_Channel4_IRQHandler
                0x08001cc8                TIM3_IRQHandler
                0x08001cc8                RCC_IRQHandler
                0x08001cc8                Default_Handler
                0x08001cc8                RTC_TAMP_LSECSS_IRQHandler
                0x08001cc8                FMAC_IRQHandler
                0x08001cc8                EXTI15_10_IRQHandler
                0x08001cc8                TIM7_IRQHandler
                0x08001cc8                UCPD1_IRQHandler
                0x08001cc8                I2C3_EV_IRQHandler
                0x08001cc8                EXTI9_5_IRQHandler
                0x08001cc8                RTC_WKUP_IRQHandler
                0x08001cc8                PVD_PVM_IRQHandler
                0x08001cc8                SPI2_IRQHandler
                0x08001cc8                DMA2_Channel5_IRQHandler
                0x08001cc8                CRS_IRQHandler
                0x08001cc8                DMA1_Channel5_IRQHandler
                0x08001cc8                USB_LP_IRQHandler
                0x08001cc8                EXTI4_IRQHandler
                0x08001cc8                RNG_IRQHandler
                0x08001cc8                TIM1_TRG_COM_TIM17_IRQHandler
                0x08001cc8                DMA1_Channel3_IRQHandler
                0x08001cc8                WWDG_IRQHandler
                0x08001cc8                LPUART1_IRQHandler
                0x08001cc8                DMA2_Channel6_IRQHandler
                0x08001cc8                TIM2_IRQHandler
                0x08001cc8                COMP1_2_3_IRQHandler
                0x08001cc8                EXTI1_IRQHandler
                0x08001cc8                USART2_IRQHandler
                0x08001cc8                I2C2_ER_IRQHandler
                0x08001cc8                DMA1_Channel2_IRQHandler
                0x08001cc8                TIM8_BRK_IRQHandler
                0x08001cc8                FLASH_IRQHandler
                0x08001cc8                USART1_IRQHandler
                0x08001cc8                SPI3_IRQHandler
                0x08001cc8                I2C1_ER_IRQHandler
                0x08001cc8                LPTIM1_IRQHandler
                0x08001cc8                DMAMUX_OVR_IRQHandler
                0x08001cc8                USBWakeUp_IRQHandler
                0x08001cc8                SAI1_IRQHandler
                0x08001cc8                DMA2_Channel3_IRQHandler
                0x08001cc8                COMP4_IRQHandler
                0x08001cc8                TIM1_BRK_TIM15_IRQHandler
 .text.HAL_Init
                0x08001cca       0x30 ./Drivers/STM32G4xx_HAL_Driver/Src/stm32g4xx_hal.o
                0x08001cca                HAL_Init
 *fill*         0x08001cfa        0x2 
 .text.HAL_InitTick
                0x08001cfc       0x74 ./Drivers/STM32G4xx_HAL_Driver/Src/stm32g4xx_hal.o
                0x08001cfc                HAL_InitTick
 .text.HAL_IncTick
                0x08001d70       0x24 ./Drivers/STM32G4xx_HAL_Driver/Src/stm32g4xx_hal.o
                0x08001d70                HAL_IncTick
 .text.HAL_GetTick
                0x08001d94       0x18 ./Drivers/STM32G4xx_HAL_Driver/Src/stm32g4xx_hal.o
                0x08001d94                HAL_GetTick
 .text.__NVIC_SetPriorityGrouping
                0x08001dac       0x48 ./Drivers/STM32G4xx_HAL_Driver/Src/stm32g4xx_hal_cortex.o
 .text.__NVIC_GetPriorityGrouping
                0x08001df4       0x1c ./Drivers/STM32G4xx_HAL_Driver/Src/stm32g4xx_hal_cortex.o
 .text.__NVIC_EnableIRQ
                0x08001e10       0x3c ./Drivers/STM32G4xx_HAL_Driver/Src/stm32g4xx_hal_cortex.o
 .text.__NVIC_SetPriority
                0x08001e4c       0x54 ./Drivers/STM32G4xx_HAL_Driver/Src/stm32g4xx_hal_cortex.o
 .text.NVIC_EncodePriority
                0x08001ea0       0x66 ./Drivers/STM32G4xx_HAL_Driver/Src/stm32g4xx_hal_cortex.o
 *fill*         0x08001f06        0x2 
 .text.SysTick_Config
                0x08001f08       0x44 ./Drivers/STM32G4xx_HAL_Driver/Src/stm32g4xx_hal_cortex.o
 .text.HAL_NVIC_SetPriorityGrouping
                0x08001f4c       0x16 ./Drivers/STM32G4xx_HAL_Driver/Src/stm32g4xx_hal_cortex.o
                0x08001f4c                HAL_NVIC_SetPriorityGrouping
 .text.HAL_NVIC_SetPriority
                0x08001f62       0x34 ./Drivers/STM32G4xx_HAL_Driver/Src/stm32g4xx_hal_cortex.o
                0x08001f62                HAL_NVIC_SetPriority
 .text.HAL_NVIC_EnableIRQ
                0x08001f96       0x1c ./Drivers/STM32G4xx_HAL_Driver/Src/stm32g4xx_hal_cortex.o
                0x08001f96                HAL_NVIC_EnableIRQ
 .text.HAL_SYSTICK_Config
                0x08001fb2       0x18 ./Drivers/STM32G4xx_HAL_Driver/Src/stm32g4xx_hal_cortex.o
                0x08001fb2                HAL_SYSTICK_Config
 *fill*         0x08001fca        0x2 
 .text.HAL_DMA_Init
                0x08001fcc      0x150 ./Drivers/STM32G4xx_HAL_Driver/Src/stm32g4xx_hal_dma.o
                0x08001fcc                HAL_DMA_Init
 .text.HAL_DMA_Start_IT
                0x0800211c       0xf6 ./Drivers/STM32G4xx_HAL_Driver/Src/stm32g4xx_hal_dma.o
                0x0800211c                HAL_DMA_Start_IT
 .text.HAL_DMA_Abort_IT
                0x08002212       0xce ./Drivers/STM32G4xx_HAL_Driver/Src/stm32g4xx_hal_dma.o
                0x08002212                HAL_DMA_Abort_IT
 .text.HAL_DMA_IRQHandler
                0x080022e0      0x15e ./Drivers/STM32G4xx_HAL_Driver/Src/stm32g4xx_hal_dma.o
                0x080022e0                HAL_DMA_IRQHandler
 .text.DMA_SetConfig
                0x0800243e       0x7c ./Drivers/STM32G4xx_HAL_Driver/Src/stm32g4xx_hal_dma.o
 *fill*         0x080024ba        0x2 
 .text.DMA_CalcDMAMUXChannelBaseAndMask
                0x080024bc       0x7c ./Drivers/STM32G4xx_HAL_Driver/Src/stm32g4xx_hal_dma.o
 .text.DMA_CalcDMAMUXRequestGenBaseAndMask
                0x08002538       0x48 ./Drivers/STM32G4xx_HAL_Driver/Src/stm32g4xx_hal_dma.o
 .text.HAL_FDCAN_Init
                0x08002580      0x2b4 ./Drivers/STM32G4xx_HAL_Driver/Src/stm32g4xx_hal_fdcan.o
                0x08002580                HAL_FDCAN_Init
 .text.HAL_FDCAN_Start
                0x08002834       0x50 ./Drivers/STM32G4xx_HAL_Driver/Src/stm32g4xx_hal_fdcan.o
                0x08002834                HAL_FDCAN_Start
 .text.HAL_FDCAN_GetRxMessage
                0x08002884      0x210 ./Drivers/STM32G4xx_HAL_Driver/Src/stm32g4xx_hal_fdcan.o
                0x08002884                HAL_FDCAN_GetRxMessage
 .text.HAL_FDCAN_ActivateNotification
                0x08002a94      0x1cc ./Drivers/STM32G4xx_HAL_Driver/Src/stm32g4xx_hal_fdcan.o
                0x08002a94                HAL_FDCAN_ActivateNotification
 .text.HAL_FDCAN_IRQHandler
                0x08002c60      0x24a ./Drivers/STM32G4xx_HAL_Driver/Src/stm32g4xx_hal_fdcan.o
                0x08002c60                HAL_FDCAN_IRQHandler
 .text.HAL_FDCAN_TxEventFifoCallback
                0x08002eaa       0x16 ./Drivers/STM32G4xx_HAL_Driver/Src/stm32g4xx_hal_fdcan.o
                0x08002eaa                HAL_FDCAN_TxEventFifoCallback
 .text.HAL_FDCAN_RxFifo1Callback
                0x08002ec0       0x16 ./Drivers/STM32G4xx_HAL_Driver/Src/stm32g4xx_hal_fdcan.o
                0x08002ec0                HAL_FDCAN_RxFifo1Callback
 .text.HAL_FDCAN_TxFifoEmptyCallback
                0x08002ed6       0x14 ./Drivers/STM32G4xx_HAL_Driver/Src/stm32g4xx_hal_fdcan.o
                0x08002ed6                HAL_FDCAN_TxFifoEmptyCallback
 .text.HAL_FDCAN_TxBufferCompleteCallback
                0x08002eea       0x16 ./Drivers/STM32G4xx_HAL_Driver/Src/stm32g4xx_hal_fdcan.o
                0x08002eea                HAL_FDCAN_TxBufferCompleteCallback
 .text.HAL_FDCAN_TxBufferAbortCallback
                0x08002f00       0x16 ./Drivers/STM32G4xx_HAL_Driver/Src/stm32g4xx_hal_fdcan.o
                0x08002f00                HAL_FDCAN_TxBufferAbortCallback
 .text.HAL_FDCAN_TimestampWraparoundCallback
                0x08002f16       0x14 ./Drivers/STM32G4xx_HAL_Driver/Src/stm32g4xx_hal_fdcan.o
                0x08002f16                HAL_FDCAN_TimestampWraparoundCallback
 .text.HAL_FDCAN_TimeoutOccurredCallback
                0x08002f2a       0x14 ./Drivers/STM32G4xx_HAL_Driver/Src/stm32g4xx_hal_fdcan.o
                0x08002f2a                HAL_FDCAN_TimeoutOccurredCallback
 .text.HAL_FDCAN_HighPriorityMessageCallback
                0x08002f3e       0x14 ./Drivers/STM32G4xx_HAL_Driver/Src/stm32g4xx_hal_fdcan.o
                0x08002f3e                HAL_FDCAN_HighPriorityMessageCallback
 .text.HAL_FDCAN_ErrorCallback
                0x08002f52       0x14 ./Drivers/STM32G4xx_HAL_Driver/Src/stm32g4xx_hal_fdcan.o
                0x08002f52                HAL_FDCAN_ErrorCallback
 .text.HAL_FDCAN_ErrorStatusCallback
                0x08002f66       0x16 ./Drivers/STM32G4xx_HAL_Driver/Src/stm32g4xx_hal_fdcan.o
                0x08002f66                HAL_FDCAN_ErrorStatusCallback
 .text.FDCAN_CalcultateRamBlockAddresses
                0x08002f7c       0xac ./Drivers/STM32G4xx_HAL_Driver/Src/stm32g4xx_hal_fdcan.o
 .text.HAL_GPIO_Init
                0x08003028      0x304 ./Drivers/STM32G4xx_HAL_Driver/Src/stm32g4xx_hal_gpio.o
                0x08003028                HAL_GPIO_Init
 .text.HAL_GPIO_WritePin
                0x0800332c       0x30 ./Drivers/STM32G4xx_HAL_Driver/Src/stm32g4xx_hal_gpio.o
                0x0800332c                HAL_GPIO_WritePin
 .text.HAL_PWREx_ControlVoltageScaling
                0x0800335c      0x148 ./Drivers/STM32G4xx_HAL_Driver/Src/stm32g4xx_hal_pwr_ex.o
                0x0800335c                HAL_PWREx_ControlVoltageScaling
 .text.HAL_PWREx_DisableUCPDDeadBattery
                0x080034a4       0x20 ./Drivers/STM32G4xx_HAL_Driver/Src/stm32g4xx_hal_pwr_ex.o
                0x080034a4                HAL_PWREx_DisableUCPDDeadBattery
 .text.HAL_RCC_OscConfig
                0x080034c4      0x624 ./Drivers/STM32G4xx_HAL_Driver/Src/stm32g4xx_hal_rcc.o
                0x080034c4                HAL_RCC_OscConfig
 .text.HAL_RCC_ClockConfig
                0x08003ae8      0x278 ./Drivers/STM32G4xx_HAL_Driver/Src/stm32g4xx_hal_rcc.o
                0x08003ae8                HAL_RCC_ClockConfig
 .text.HAL_RCC_GetSysClockFreq
                0x08003d60       0xc4 ./Drivers/STM32G4xx_HAL_Driver/Src/stm32g4xx_hal_rcc.o
                0x08003d60                HAL_RCC_GetSysClockFreq
 .text.HAL_RCC_GetHCLKFreq
                0x08003e24       0x18 ./Drivers/STM32G4xx_HAL_Driver/Src/stm32g4xx_hal_rcc.o
                0x08003e24                HAL_RCC_GetHCLKFreq
 .text.HAL_RCC_GetPCLK1Freq
                0x08003e3c       0x2c ./Drivers/STM32G4xx_HAL_Driver/Src/stm32g4xx_hal_rcc.o
                0x08003e3c                HAL_RCC_GetPCLK1Freq
 .text.HAL_RCC_GetPCLK2Freq
                0x08003e68       0x2c ./Drivers/STM32G4xx_HAL_Driver/Src/stm32g4xx_hal_rcc.o
                0x08003e68                HAL_RCC_GetPCLK2Freq
 .text.RCC_GetSysClockFreqFromPLLSource
                0x08003e94       0x8c ./Drivers/STM32G4xx_HAL_Driver/Src/stm32g4xx_hal_rcc.o
 .text.HAL_RCCEx_PeriphCLKConfig
                0x08003f20      0x3e0 ./Drivers/STM32G4xx_HAL_Driver/Src/stm32g4xx_hal_rcc_ex.o
                0x08003f20                HAL_RCCEx_PeriphCLKConfig
 .text.HAL_TIM_Base_Init
                0x08004300       0xae ./Drivers/STM32G4xx_HAL_Driver/Src/stm32g4xx_hal_tim.o
                0x08004300                HAL_TIM_Base_Init
 .text.HAL_TIM_PWM_Init
                0x080043ae       0xae ./Drivers/STM32G4xx_HAL_Driver/Src/stm32g4xx_hal_tim.o
                0x080043ae                HAL_TIM_PWM_Init
 .text.HAL_TIM_PWM_MspInit
                0x0800445c       0x14 ./Drivers/STM32G4xx_HAL_Driver/Src/stm32g4xx_hal_tim.o
                0x0800445c                HAL_TIM_PWM_MspInit
 .text.HAL_TIM_PWM_Start_DMA
                0x08004470      0x430 ./Drivers/STM32G4xx_HAL_Driver/Src/stm32g4xx_hal_tim.o
                0x08004470                HAL_TIM_PWM_Start_DMA
 .text.HAL_TIM_PWM_Stop_DMA
                0x080048a0      0x1f0 ./Drivers/STM32G4xx_HAL_Driver/Src/stm32g4xx_hal_tim.o
                0x080048a0                HAL_TIM_PWM_Stop_DMA
 .text.HAL_TIM_PWM_ConfigChannel
                0x08004a90      0x228 ./Drivers/STM32G4xx_HAL_Driver/Src/stm32g4xx_hal_tim.o
                0x08004a90                HAL_TIM_PWM_ConfigChannel
 .text.HAL_TIM_ConfigClockSource
                0x08004cb8      0x1f4 ./Drivers/STM32G4xx_HAL_Driver/Src/stm32g4xx_hal_tim.o
                0x08004cb8                HAL_TIM_ConfigClockSource
 .text.HAL_TIM_PWM_PulseFinishedHalfCpltCallback
                0x08004eac       0x14 ./Drivers/STM32G4xx_HAL_Driver/Src/stm32g4xx_hal_tim.o
                0x08004eac                HAL_TIM_PWM_PulseFinishedHalfCpltCallback
 .text.HAL_TIM_ErrorCallback
                0x08004ec0       0x14 ./Drivers/STM32G4xx_HAL_Driver/Src/stm32g4xx_hal_tim.o
                0x08004ec0                HAL_TIM_ErrorCallback
 .text.TIM_DMAError
                0x08004ed4       0x92 ./Drivers/STM32G4xx_HAL_Driver/Src/stm32g4xx_hal_tim.o
                0x08004ed4                TIM_DMAError
 .text.TIM_DMADelayPulseCplt
                0x08004f66       0xa8 ./Drivers/STM32G4xx_HAL_Driver/Src/stm32g4xx_hal_tim.o
 .text.TIM_DMADelayPulseHalfCplt
                0x0800500e       0x68 ./Drivers/STM32G4xx_HAL_Driver/Src/stm32g4xx_hal_tim.o
                0x0800500e                TIM_DMADelayPulseHalfCplt
 *fill*         0x08005076        0x2 
 .text.TIM_Base_SetConfig
                0x08005078      0x138 ./Drivers/STM32G4xx_HAL_Driver/Src/stm32g4xx_hal_tim.o
                0x08005078                TIM_Base_SetConfig
 .text.TIM_OC1_SetConfig
                0x080051b0      0x120 ./Drivers/STM32G4xx_HAL_Driver/Src/stm32g4xx_hal_tim.o
 .text.TIM_OC2_SetConfig
                0x080052d0      0x114 ./Drivers/STM32G4xx_HAL_Driver/Src/stm32g4xx_hal_tim.o
                0x080052d0                TIM_OC2_SetConfig
 .text.TIM_OC3_SetConfig
                0x080053e4      0x110 ./Drivers/STM32G4xx_HAL_Driver/Src/stm32g4xx_hal_tim.o
 .text.TIM_OC4_SetConfig
                0x080054f4      0x114 ./Drivers/STM32G4xx_HAL_Driver/Src/stm32g4xx_hal_tim.o
 .text.TIM_OC5_SetConfig
                0x08005608       0xc8 ./Drivers/STM32G4xx_HAL_Driver/Src/stm32g4xx_hal_tim.o
 .text.TIM_OC6_SetConfig
                0x080056d0       0xcc ./Drivers/STM32G4xx_HAL_Driver/Src/stm32g4xx_hal_tim.o
 .text.TIM_TI1_ConfigInputStage
                0x0800579c       0x5e ./Drivers/STM32G4xx_HAL_Driver/Src/stm32g4xx_hal_tim.o
 .text.TIM_TI2_ConfigInputStage
                0x080057fa       0x60 ./Drivers/STM32G4xx_HAL_Driver/Src/stm32g4xx_hal_tim.o
 .text.TIM_ITRx_SetConfig
                0x0800585a       0x3a ./Drivers/STM32G4xx_HAL_Driver/Src/stm32g4xx_hal_tim.o
 .text.TIM_ETR_SetConfig
                0x08005894       0x40 ./Drivers/STM32G4xx_HAL_Driver/Src/stm32g4xx_hal_tim.o
                0x08005894                TIM_ETR_SetConfig
 .text.TIM_CCxChannelCmd
                0x080058d4       0x4a ./Drivers/STM32G4xx_HAL_Driver/Src/stm32g4xx_hal_tim.o
                0x080058d4                TIM_CCxChannelCmd
 *fill*         0x0800591e        0x2 
 .text.HAL_TIMEx_MasterConfigSynchronization
                0x08005920      0x104 ./Drivers/STM32G4xx_HAL_Driver/Src/stm32g4xx_hal_tim_ex.o
                0x08005920                HAL_TIMEx_MasterConfigSynchronization
 .text.HAL_TIMEx_ConfigBreakDeadTime
                0x08005a24      0x118 ./Drivers/STM32G4xx_HAL_Driver/Src/stm32g4xx_hal_tim_ex.o
                0x08005a24                HAL_TIMEx_ConfigBreakDeadTime
 .text.HAL_UART_Init
                0x08005b3c       0xa0 ./Drivers/STM32G4xx_HAL_Driver/Src/stm32g4xx_hal_uart.o
                0x08005b3c                HAL_UART_Init
 .text.HAL_UART_Transmit
                0x08005bdc      0x11c ./Drivers/STM32G4xx_HAL_Driver/Src/stm32g4xx_hal_uart.o
                0x08005bdc                HAL_UART_Transmit
 .text.UART_SetConfig
                0x08005cf8      0x598 ./Drivers/STM32G4xx_HAL_Driver/Src/stm32g4xx_hal_uart.o
                0x08005cf8                UART_SetConfig
 .text.UART_AdvFeatureConfig
                0x08006290      0x144 ./Drivers/STM32G4xx_HAL_Driver/Src/stm32g4xx_hal_uart.o
                0x08006290                UART_AdvFeatureConfig
 .text.UART_CheckIdleState
                0x080063d4      0x154 ./Drivers/STM32G4xx_HAL_Driver/Src/stm32g4xx_hal_uart.o
                0x080063d4                UART_CheckIdleState
 .text.UART_WaitOnFlagUntilTimeout
                0x08006528       0xda ./Drivers/STM32G4xx_HAL_Driver/Src/stm32g4xx_hal_uart.o
                0x08006528                UART_WaitOnFlagUntilTimeout
 .text.UART_EndRxTransfer
                0x08006602       0xcc ./Drivers/STM32G4xx_HAL_Driver/Src/stm32g4xx_hal_uart.o
 .text.HAL_UARTEx_DisableFifoMode
                0x080066ce       0x72 ./Drivers/STM32G4xx_HAL_Driver/Src/stm32g4xx_hal_uart_ex.o
                0x080066ce                HAL_UARTEx_DisableFifoMode
 .text.HAL_UARTEx_SetTxFifoThreshold
                0x08006740       0x7c ./Drivers/STM32G4xx_HAL_Driver/Src/stm32g4xx_hal_uart_ex.o
                0x08006740                HAL_UARTEx_SetTxFifoThreshold
 .text.HAL_UARTEx_SetRxFifoThreshold
                0x080067bc       0x7c ./Drivers/STM32G4xx_HAL_Driver/Src/stm32g4xx_hal_uart_ex.o
                0x080067bc                HAL_UARTEx_SetRxFifoThreshold
 .text.UARTEx_SetNbDataToProcess
                0x08006838       0x9c ./Drivers/STM32G4xx_HAL_Driver/Src/stm32g4xx_hal_uart_ex.o
 .text._ZN9ChampiCanC2EP19FDCAN_HandleTypeDef
                0x080068d4       0x64 /home/andre/STM32CubeIDE/workspace_1.15.1/champi_libs_stm/Debug/libchampi_libs_stm.a(ChampiCan.o)
                0x080068d4                ChampiCan::ChampiCan(FDCAN_HandleTypeDef*)
                0x080068d4                ChampiCan::ChampiCan(FDCAN_HandleTypeDef*)
 .text._ZN9ChampiCanC2Ev
                0x08006938       0x30 /home/andre/STM32CubeIDE/workspace_1.15.1/champi_libs_stm/Debug/libchampi_libs_stm.a(ChampiCan.o)
                0x08006938                ChampiCan::ChampiCan()
                0x08006938                ChampiCan::ChampiCan()
 .text._ZN9ChampiCan5startEv
                0x08006968       0x52 /home/andre/STM32CubeIDE/workspace_1.15.1/champi_libs_stm/Debug/libchampi_libs_stm.a(ChampiCan.o)
                0x08006968                ChampiCan::start()
 *fill*         0x080069ba        0x2 
 .text._ZN9ChampiCanD2Ev
                0x080069bc       0x20 /home/andre/STM32CubeIDE/workspace_1.15.1/champi_libs_stm/Debug/libchampi_libs_stm.a(ChampiCan.o)
                0x080069bc                ChampiCan::~ChampiCan()
                0x080069bc                ChampiCan::~ChampiCan()
 .text._ZN9ChampiCanD0Ev
                0x080069dc       0x20 /home/andre/STM32CubeIDE/workspace_1.15.1/champi_libs_stm/Debug/libchampi_libs_stm.a(ChampiCan.o)
                0x080069dc                ChampiCan::~ChampiCan()
 .text._ZN11ChampiStateC2Ev
                0x080069fc       0x2c /home/andre/STM32CubeIDE/workspace_1.15.1/champi_libs_stm/Debug/libchampi_libs_stm.a(ChampiState.o)
                0x080069fc                ChampiState::ChampiState()
                0x080069fc                ChampiState::ChampiState()
 .text._ZN11ChampiStateD2Ev
                0x08006a28       0x20 /home/andre/STM32CubeIDE/workspace_1.15.1/champi_libs_stm/Debug/libchampi_libs_stm.a(ChampiState.o)
                0x08006a28                ChampiState::~ChampiState()
                0x08006a28                ChampiState::~ChampiState()
 .text._ZN11ChampiStateD0Ev
                0x08006a48       0x20 /home/andre/STM32CubeIDE/workspace_1.15.1/champi_libs_stm/Debug/libchampi_libs_stm.a(ChampiState.o)
                0x08006a48                ChampiState::~ChampiState()
 .text._ZN17MessageRecomposerC2Ev
                0x08006a68       0x40 /home/andre/STM32CubeIDE/workspace_1.15.1/champi_libs_stm/Debug/libchampi_libs_stm.a(MessageRecomposer.o)
                0x08006a68                MessageRecomposer::MessageRecomposer()
                0x08006a68                MessageRecomposer::MessageRecomposer()
 .text._ZN17MessageRecomposer9add_frameEPhh
                0x08006aa8      0x174 /home/andre/STM32CubeIDE/workspace_1.15.1/champi_libs_stm/Debug/libchampi_libs_stm.a(MessageRecomposer.o)
                0x08006aa8                MessageRecomposer::add_frame(unsigned char*, unsigned char)
 .text._ZN17MessageRecomposer21check_if_new_full_msgEv
                0x08006c1c       0x18 /home/andre/STM32CubeIDE/workspace_1.15.1/champi_libs_stm/Debug/libchampi_libs_stm.a(MessageRecomposer.o)
                0x08006c1c                MessageRecomposer::check_if_new_full_msg()
 .text._ZN17MessageRecomposer12get_full_msgB5cxx11Ev
                0x08006c34       0x26 /home/andre/STM32CubeIDE/workspace_1.15.1/champi_libs_stm/Debug/libchampi_libs_stm.a(MessageRecomposer.o)
                0x08006c34                MessageRecomposer::get_full_msg[abi:cxx11]()
 *fill*         0x08006c5a        0x2 
 .text._ZN17MessageRecomposerD2Ev
                0x08006c5c       0x4c /home/andre/STM32CubeIDE/workspace_1.15.1/champi_libs_stm/Debug/libchampi_libs_stm.a(MessageRecomposer.o)
                0x08006c5c                MessageRecomposer::~MessageRecomposer()
                0x08006c5c                MessageRecomposer::~MessageRecomposer()
 .text._ZN17MessageRecomposerD0Ev
                0x08006ca8       0x22 /home/andre/STM32CubeIDE/workspace_1.15.1/champi_libs_stm/Debug/libchampi_libs_stm.a(MessageRecomposer.o)
                0x08006ca8                MessageRecomposer::~MessageRecomposer()
 .text._ZN17MessageRecomposer17decode_descriptorEPhRiS1_S1_
                0x08006cca       0x54 /home/andre/STM32CubeIDE/workspace_1.15.1/champi_libs_stm/Debug/libchampi_libs_stm.a(MessageRecomposer.o)
                0x08006cca                MessageRecomposer::decode_descriptor(unsigned char*, int&, int&, int&)
 .text._ZN17MessageRecomposer19all_frames_receivedEv
                0x08006d1e       0x44 /home/andre/STM32CubeIDE/workspace_1.15.1/champi_libs_stm/Debug/libchampi_libs_stm.a(MessageRecomposer.o)
                0x08006d1e                MessageRecomposer::all_frames_received()
 .text.load_descriptor_values
                0x08006d62      0x2d4 /home/andre/STM32CubeIDE/workspace_1.15.1/champi_libs_stm/Debug/libchampi_libs_stm.a(pb_common.o)
 .text.advance_iterator
                0x08007036       0xc0 /home/andre/STM32CubeIDE/workspace_1.15.1/champi_libs_stm/Debug/libchampi_libs_stm.a(pb_common.o)
 .text.pb_field_iter_begin
                0x080070f6       0x32 /home/andre/STM32CubeIDE/workspace_1.15.1/champi_libs_stm/Debug/libchampi_libs_stm.a(pb_common.o)
                0x080070f6                pb_field_iter_begin
 .text.pb_field_iter_begin_extension
                0x08007128       0x60 /home/andre/STM32CubeIDE/workspace_1.15.1/champi_libs_stm/Debug/libchampi_libs_stm.a(pb_common.o)
                0x08007128                pb_field_iter_begin_extension
 .text.pb_field_iter_next
                0x08007188       0x2a /home/andre/STM32CubeIDE/workspace_1.15.1/champi_libs_stm/Debug/libchampi_libs_stm.a(pb_common.o)
                0x08007188                pb_field_iter_next
 .text.pb_field_iter_find
                0x080071b2       0xac /home/andre/STM32CubeIDE/workspace_1.15.1/champi_libs_stm/Debug/libchampi_libs_stm.a(pb_common.o)
                0x080071b2                pb_field_iter_find
 .text.pb_field_iter_find_extension
                0x0800725e       0x66 /home/andre/STM32CubeIDE/workspace_1.15.1/champi_libs_stm/Debug/libchampi_libs_stm.a(pb_common.o)
                0x0800725e                pb_field_iter_find_extension
 .text.buf_read
                0x080072c4       0x38 /home/andre/STM32CubeIDE/workspace_1.15.1/champi_libs_stm/Debug/libchampi_libs_stm.a(pb_decode.o)
 .text.pb_read  0x080072fc       0xec /home/andre/STM32CubeIDE/workspace_1.15.1/champi_libs_stm/Debug/libchampi_libs_stm.a(pb_decode.o)
                0x080072fc                pb_read
 .text.pb_readbyte
                0x080073e8       0x78 /home/andre/STM32CubeIDE/workspace_1.15.1/champi_libs_stm/Debug/libchampi_libs_stm.a(pb_decode.o)
 .text.pb_istream_from_buffer
                0x08007460       0x3c /home/andre/STM32CubeIDE/workspace_1.15.1/champi_libs_stm/Debug/libchampi_libs_stm.a(pb_decode.o)
                0x08007460                pb_istream_from_buffer
 .text.pb_decode_varint32_eof
                0x0800749c      0x154 /home/andre/STM32CubeIDE/workspace_1.15.1/champi_libs_stm/Debug/libchampi_libs_stm.a(pb_decode.o)
 .text.pb_decode_varint32
                0x080075f0       0x1e /home/andre/STM32CubeIDE/workspace_1.15.1/champi_libs_stm/Debug/libchampi_libs_stm.a(pb_decode.o)
                0x080075f0                pb_decode_varint32
 *fill*         0x0800760e        0x2 
 .text.pb_decode_varint
                0x08007610       0xcc /home/andre/STM32CubeIDE/workspace_1.15.1/champi_libs_stm/Debug/libchampi_libs_stm.a(pb_decode.o)
                0x08007610                pb_decode_varint
 .text.pb_skip_varint
                0x080076dc       0x38 /home/andre/STM32CubeIDE/workspace_1.15.1/champi_libs_stm/Debug/libchampi_libs_stm.a(pb_decode.o)
 .text.pb_skip_string
                0x08007714       0x3a /home/andre/STM32CubeIDE/workspace_1.15.1/champi_libs_stm/Debug/libchampi_libs_stm.a(pb_decode.o)
 .text.pb_decode_tag
                0x0800774e       0x5e /home/andre/STM32CubeIDE/workspace_1.15.1/champi_libs_stm/Debug/libchampi_libs_stm.a(pb_decode.o)
                0x0800774e                pb_decode_tag
 .text.pb_skip_field
                0x080077ac       0x84 /home/andre/STM32CubeIDE/workspace_1.15.1/champi_libs_stm/Debug/libchampi_libs_stm.a(pb_decode.o)
                0x080077ac                pb_skip_field
 .text.read_raw_value
                0x08007830       0xd8 /home/andre/STM32CubeIDE/workspace_1.15.1/champi_libs_stm/Debug/libchampi_libs_stm.a(pb_decode.o)
 .text.pb_make_string_substream
                0x08007908       0x74 /home/andre/STM32CubeIDE/workspace_1.15.1/champi_libs_stm/Debug/libchampi_libs_stm.a(pb_decode.o)
                0x08007908                pb_make_string_substream
 .text.pb_close_string_substream
                0x0800797c       0x4a /home/andre/STM32CubeIDE/workspace_1.15.1/champi_libs_stm/Debug/libchampi_libs_stm.a(pb_decode.o)
                0x0800797c                pb_close_string_substream
 *fill*         0x080079c6        0x2 
 .text.decode_basic_field
                0x080079c8      0x1ec /home/andre/STM32CubeIDE/workspace_1.15.1/champi_libs_stm/Debug/libchampi_libs_stm.a(pb_decode.o)
 .text.decode_static_field
                0x08007bb4      0x280 /home/andre/STM32CubeIDE/workspace_1.15.1/champi_libs_stm/Debug/libchampi_libs_stm.a(pb_decode.o)
 .text.decode_pointer_field
                0x08007e34       0x34 /home/andre/STM32CubeIDE/workspace_1.15.1/champi_libs_stm/Debug/libchampi_libs_stm.a(pb_decode.o)
 .text.decode_callback_field
                0x08007e68      0x114 /home/andre/STM32CubeIDE/workspace_1.15.1/champi_libs_stm/Debug/libchampi_libs_stm.a(pb_decode.o)
 .text.decode_field
                0x08007f7c       0x7c /home/andre/STM32CubeIDE/workspace_1.15.1/champi_libs_stm/Debug/libchampi_libs_stm.a(pb_decode.o)
 .text.default_extension_decoder
                0x08007ff8       0x74 /home/andre/STM32CubeIDE/workspace_1.15.1/champi_libs_stm/Debug/libchampi_libs_stm.a(pb_decode.o)
 .text.decode_extension
                0x0800806c       0x78 /home/andre/STM32CubeIDE/workspace_1.15.1/champi_libs_stm/Debug/libchampi_libs_stm.a(pb_decode.o)
 .text.pb_field_set_to_default
                0x080080e4      0x182 /home/andre/STM32CubeIDE/workspace_1.15.1/champi_libs_stm/Debug/libchampi_libs_stm.a(pb_decode.o)
 .text.pb_message_set_to_defaults
                0x08008266       0xfa /home/andre/STM32CubeIDE/workspace_1.15.1/champi_libs_stm/Debug/libchampi_libs_stm.a(pb_decode.o)
 .text.pb_decode_inner
                0x08008360      0x374 /home/andre/STM32CubeIDE/workspace_1.15.1/champi_libs_stm/Debug/libchampi_libs_stm.a(pb_decode.o)
 .text.pb_decode
                0x080086d4       0x26 /home/andre/STM32CubeIDE/workspace_1.15.1/champi_libs_stm/Debug/libchampi_libs_stm.a(pb_decode.o)
                0x080086d4                pb_decode
 .text.pb_decode_bool
                0x080086fa       0x40 /home/andre/STM32CubeIDE/workspace_1.15.1/champi_libs_stm/Debug/libchampi_libs_stm.a(pb_decode.o)
                0x080086fa                pb_decode_bool
 .text.pb_decode_svarint
                0x0800873a       0x86 /home/andre/STM32CubeIDE/workspace_1.15.1/champi_libs_stm/Debug/libchampi_libs_stm.a(pb_decode.o)
                0x0800873a                pb_decode_svarint
 .text.pb_decode_fixed32
                0x080087c0       0x38 /home/andre/STM32CubeIDE/workspace_1.15.1/champi_libs_stm/Debug/libchampi_libs_stm.a(pb_decode.o)
                0x080087c0                pb_decode_fixed32
 .text.pb_decode_fixed64
                0x080087f8       0x3c /home/andre/STM32CubeIDE/workspace_1.15.1/champi_libs_stm/Debug/libchampi_libs_stm.a(pb_decode.o)
                0x080087f8                pb_decode_fixed64
 .text.pb_dec_bool
                0x08008834       0x20 /home/andre/STM32CubeIDE/workspace_1.15.1/champi_libs_stm/Debug/libchampi_libs_stm.a(pb_decode.o)
 .text.pb_dec_varint
                0x08008854      0x258 /home/andre/STM32CubeIDE/workspace_1.15.1/champi_libs_stm/Debug/libchampi_libs_stm.a(pb_decode.o)
 .text.pb_dec_bytes
                0x08008aac       0xe8 /home/andre/STM32CubeIDE/workspace_1.15.1/champi_libs_stm/Debug/libchampi_libs_stm.a(pb_decode.o)
 .text.pb_dec_string
                0x08008b94       0xf8 /home/andre/STM32CubeIDE/workspace_1.15.1/champi_libs_stm/Debug/libchampi_libs_stm.a(pb_decode.o)
 .text.pb_dec_submessage
                0x08008c8c      0x114 /home/andre/STM32CubeIDE/workspace_1.15.1/champi_libs_stm/Debug/libchampi_libs_stm.a(pb_decode.o)
 .text.pb_dec_fixed_length_bytes
                0x08008da0       0xa8 /home/andre/STM32CubeIDE/workspace_1.15.1/champi_libs_stm/Debug/libchampi_libs_stm.a(pb_decode.o)
 .text._ZdlPvj  0x08008e48        0x4 /home/andre/st/stm32cubeide_1.15.1/plugins/com.st.stm32cube.ide.mcu.externaltools.gnu-tools-for-stm32.12.3.rel1.linux64_1.0.100.202403111256/tools/bin/../lib/gcc/arm-none-eabi/12.3.1/../../../../arm-none-eabi/lib/thumb/v7e-m+fp/hard/libstdc++_nano.a(del_ops.o)
                0x08008e48                operator delete(void*, unsigned int)
 .text._ZNSaIcEC2Ev
                0x08008e4c        0x2 /home/andre/st/stm32cubeide_1.15.1/plugins/com.st.stm32cube.ide.mcu.externaltools.gnu-tools-for-stm32.12.3.rel1.linux64_1.0.100.202403111256/tools/bin/../lib/gcc/arm-none-eabi/12.3.1/../../../../arm-none-eabi/lib/thumb/v7e-m+fp/hard/libstdc++_nano.a(allocator-inst.o)
                0x08008e4c                std::allocator<char>::allocator()
                0x08008e4c                std::allocator<char>::allocator()
 .text._ZNSaIcED2Ev
                0x08008e4e        0x2 /home/andre/st/stm32cubeide_1.15.1/plugins/com.st.stm32cube.ide.mcu.externaltools.gnu-tools-for-stm32.12.3.rel1.linux64_1.0.100.202403111256/tools/bin/../lib/gcc/arm-none-eabi/12.3.1/../../../../arm-none-eabi/lib/thumb/v7e-m+fp/hard/libstdc++_nano.a(allocator-inst.o)
                0x08008e4e                std::allocator<char>::~allocator()
                0x08008e4e                std::allocator<char>::~allocator()
 .text._ZNSt11char_traitsIcE4copyEPcPKcj.isra.0
                0x08008e50        0x8 /home/andre/st/stm32cubeide_1.15.1/plugins/com.st.stm32cube.ide.mcu.externaltools.gnu-tools-for-stm32.12.3.rel1.linux64_1.0.100.202403111256/tools/bin/../lib/gcc/arm-none-eabi/12.3.1/../../../../arm-none-eabi/lib/thumb/v7e-m+fp/hard/libstdc++_nano.a(string-inst.o)
 .text._ZNKSt7__cxx1112basic_stringIcSt11char_traitsIcESaIcEE11_M_is_localEv
                0x08008e58        0xc /home/andre/st/stm32cubeide_1.15.1/plugins/com.st.stm32cube.ide.mcu.externaltools.gnu-tools-for-stm32.12.3.rel1.linux64_1.0.100.202403111256/tools/bin/../lib/gcc/arm-none-eabi/12.3.1/../../../../arm-none-eabi/lib/thumb/v7e-m+fp/hard/libstdc++_nano.a(string-inst.o)
                0x08008e58                std::__cxx11::basic_string<char, std::char_traits<char>, std::allocator<char> >::_M_is_local() const
 .text._ZNSt7__cxx1112basic_stringIcSt11char_traitsIcESaIcEE9_M_createERjj
                0x08008e64       0x44 /home/andre/st/stm32cubeide_1.15.1/plugins/com.st.stm32cube.ide.mcu.externaltools.gnu-tools-for-stm32.12.3.rel1.linux64_1.0.100.202403111256/tools/bin/../lib/gcc/arm-none-eabi/12.3.1/../../../../arm-none-eabi/lib/thumb/v7e-m+fp/hard/libstdc++_nano.a(string-inst.o)
                0x08008e64                std::__cxx11::basic_string<char, std::char_traits<char>, std::allocator<char> >::_M_create(unsigned int&, unsigned int)
 .text._ZNSt7__cxx1112basic_stringIcSt11char_traitsIcESaIcEE10_M_disposeEv
                0x08008ea8       0x16 /home/andre/st/stm32cubeide_1.15.1/plugins/com.st.stm32cube.ide.mcu.externaltools.gnu-tools-for-stm32.12.3.rel1.linux64_1.0.100.202403111256/tools/bin/../lib/gcc/arm-none-eabi/12.3.1/../../../../arm-none-eabi/lib/thumb/v7e-m+fp/hard/libstdc++_nano.a(string-inst.o)
                0x08008ea8                std::__cxx11::basic_string<char, std::char_traits<char>, std::allocator<char> >::_M_dispose()
 .text._ZNKSt7__cxx1112basic_stringIcSt11char_traitsIcESaIcEE15_M_check_lengthEjjPKc
                0x08008ebe       0x18 /home/andre/st/stm32cubeide_1.15.1/plugins/com.st.stm32cube.ide.mcu.externaltools.gnu-tools-for-stm32.12.3.rel1.linux64_1.0.100.202403111256/tools/bin/../lib/gcc/arm-none-eabi/12.3.1/../../../../arm-none-eabi/lib/thumb/v7e-m+fp/hard/libstdc++_nano.a(string-inst.o)
                0x08008ebe                std::__cxx11::basic_string<char, std::char_traits<char>, std::allocator<char> >::_M_check_length(unsigned int, unsigned int, char const*) const
 .text._ZNSt7__cxx1112basic_stringIcSt11char_traitsIcESaIcEE7_S_copyEPcPKcj
                0x08008ed6       0x18 /home/andre/st/stm32cubeide_1.15.1/plugins/com.st.stm32cube.ide.mcu.externaltools.gnu-tools-for-stm32.12.3.rel1.linux64_1.0.100.202403111256/tools/bin/../lib/gcc/arm-none-eabi/12.3.1/../../../../arm-none-eabi/lib/thumb/v7e-m+fp/hard/libstdc++_nano.a(string-inst.o)
                0x08008ed6                std::__cxx11::basic_string<char, std::char_traits<char>, std::allocator<char> >::_S_copy(char*, char const*, unsigned int)
 .text._ZNSt7__cxx1112basic_stringIcSt11char_traitsIcESaIcEE13_S_copy_charsEPcS5_S5_
                0x08008eee        0xa /home/andre/st/stm32cubeide_1.15.1/plugins/com.st.stm32cube.ide.mcu.externaltools.gnu-tools-for-stm32.12.3.rel1.linux64_1.0.100.202403111256/tools/bin/../lib/gcc/arm-none-eabi/12.3.1/../../../../arm-none-eabi/lib/thumb/v7e-m+fp/hard/libstdc++_nano.a(string-inst.o)
                0x08008eee                std::__cxx11::basic_string<char, std::char_traits<char>, std::allocator<char> >::_S_copy_chars(char*, char*, char*)
 .text._ZNSt7__cxx1112basic_stringIcSt11char_traitsIcESaIcEE13_S_copy_charsEPcPKcS7_
                0x08008ef8        0xa /home/andre/st/stm32cubeide_1.15.1/plugins/com.st.stm32cube.ide.mcu.externaltools.gnu-tools-for-stm32.12.3.rel1.linux64_1.0.100.202403111256/tools/bin/../lib/gcc/arm-none-eabi/12.3.1/../../../../arm-none-eabi/lib/thumb/v7e-m+fp/hard/libstdc++_nano.a(string-inst.o)
                0x08008ef8                std::__cxx11::basic_string<char, std::char_traits<char>, std::allocator<char> >::_S_copy_chars(char*, char const*, char const*)
 .text._ZNSt7__cxx1112basic_stringIcSt11char_traitsIcESaIcEEC2Ev
                0x08008f02        0xe /home/andre/st/stm32cubeide_1.15.1/plugins/com.st.stm32cube.ide.mcu.externaltools.gnu-tools-for-stm32.12.3.rel1.linux64_1.0.100.202403111256/tools/bin/../lib/gcc/arm-none-eabi/12.3.1/../../../../arm-none-eabi/lib/thumb/v7e-m+fp/hard/libstdc++_nano.a(string-inst.o)
                0x08008f02                std::__cxx11::basic_string<char, std::char_traits<char>, std::allocator<char> >::basic_string()
                0x08008f02                std::__cxx11::basic_string<char, std::char_traits<char>, std::allocator<char> >::basic_string()
 .text._ZNSt7__cxx1112basic_stringIcSt11char_traitsIcESaIcEED2Ev
                0x08008f10        0xc /home/andre/st/stm32cubeide_1.15.1/plugins/com.st.stm32cube.ide.mcu.externaltools.gnu-tools-for-stm32.12.3.rel1.linux64_1.0.100.202403111256/tools/bin/../lib/gcc/arm-none-eabi/12.3.1/../../../../arm-none-eabi/lib/thumb/v7e-m+fp/hard/libstdc++_nano.a(string-inst.o)
                0x08008f10                std::__cxx11::basic_string<char, std::char_traits<char>, std::allocator<char> >::~basic_string()
                0x08008f10                std::__cxx11::basic_string<char, std::char_traits<char>, std::allocator<char> >::~basic_string()
 .text._ZNSt7__cxx1112basic_stringIcSt11char_traitsIcESaIcEEaSEOS4_
                0x08008f1c       0x5c /home/andre/st/stm32cubeide_1.15.1/plugins/com.st.stm32cube.ide.mcu.externaltools.gnu-tools-for-stm32.12.3.rel1.linux64_1.0.100.202403111256/tools/bin/../lib/gcc/arm-none-eabi/12.3.1/../../../../arm-none-eabi/lib/thumb/v7e-m+fp/hard/libstdc++_nano.a(string-inst.o)
                0x08008f1c                std::__cxx11::basic_string<char, std::char_traits<char>, std::allocator<char> >::operator=(std::__cxx11::basic_string<char, std::char_traits<char>, std::allocator<char> >&&)
 .text._ZNKSt7__cxx1112basic_stringIcSt11char_traitsIcESaIcEE4sizeEv
                0x08008f78        0x4 /home/andre/st/stm32cubeide_1.15.1/plugins/com.st.stm32cube.ide.mcu.externaltools.gnu-tools-for-stm32.12.3.rel1.linux64_1.0.100.202403111256/tools/bin/../lib/gcc/arm-none-eabi/12.3.1/../../../../arm-none-eabi/lib/thumb/v7e-m+fp/hard/libstdc++_nano.a(string-inst.o)
                0x08008f78                std::__cxx11::basic_string<char, std::char_traits<char>, std::allocator<char> >::size() const
 .text._ZNKSt7__cxx1112basic_stringIcSt11char_traitsIcESaIcEE8capacityEv
                0x08008f7c       0x12 /home/andre/st/stm32cubeide_1.15.1/plugins/com.st.stm32cube.ide.mcu.externaltools.gnu-tools-for-stm32.12.3.rel1.linux64_1.0.100.202403111256/tools/bin/../lib/gcc/arm-none-eabi/12.3.1/../../../../arm-none-eabi/lib/thumb/v7e-m+fp/hard/libstdc++_nano.a(string-inst.o)
                0x08008f7c                std::__cxx11::basic_string<char, std::char_traits<char>, std::allocator<char> >::capacity() const
 .text._ZNSt7__cxx1112basic_stringIcSt11char_traitsIcESaIcEE9_M_assignERKS4_
                0x08008f8e       0x4a /home/andre/st/stm32cubeide_1.15.1/plugins/com.st.stm32cube.ide.mcu.externaltools.gnu-tools-for-stm32.12.3.rel1.linux64_1.0.100.202403111256/tools/bin/../lib/gcc/arm-none-eabi/12.3.1/../../../../arm-none-eabi/lib/thumb/v7e-m+fp/hard/libstdc++_nano.a(string-inst.o)
                0x08008f8e                std::__cxx11::basic_string<char, std::char_traits<char>, std::allocator<char> >::_M_assign(std::__cxx11::basic_string<char, std::char_traits<char>, std::allocator<char> > const&)
 .text._ZNSt7__cxx1112basic_stringIcSt11char_traitsIcESaIcEEaSERKS4_
                0x08008fd8        0xc /home/andre/st/stm32cubeide_1.15.1/plugins/com.st.stm32cube.ide.mcu.externaltools.gnu-tools-for-stm32.12.3.rel1.linux64_1.0.100.202403111256/tools/bin/../lib/gcc/arm-none-eabi/12.3.1/../../../../arm-none-eabi/lib/thumb/v7e-m+fp/hard/libstdc++_nano.a(string-inst.o)
                0x08008fd8                std::__cxx11::basic_string<char, std::char_traits<char>, std::allocator<char> >::operator=(std::__cxx11::basic_string<char, std::char_traits<char>, std::allocator<char> > const&)
 .text._ZNSt7__cxx1112basic_stringIcSt11char_traitsIcESaIcEE9_M_mutateEjjPKcj
                0x08008fe4       0x70 /home/andre/st/stm32cubeide_1.15.1/plugins/com.st.stm32cube.ide.mcu.externaltools.gnu-tools-for-stm32.12.3.rel1.linux64_1.0.100.202403111256/tools/bin/../lib/gcc/arm-none-eabi/12.3.1/../../../../arm-none-eabi/lib/thumb/v7e-m+fp/hard/libstdc++_nano.a(string-inst.o)
                0x08008fe4                std::__cxx11::basic_string<char, std::char_traits<char>, std::allocator<char> >::_M_mutate(unsigned int, unsigned int, char const*, unsigned int)
 .text._ZNSt7__cxx1112basic_stringIcSt11char_traitsIcESaIcEE9_M_appendEPKcj
                0x08009054       0x48 /home/andre/st/stm32cubeide_1.15.1/plugins/com.st.stm32cube.ide.mcu.externaltools.gnu-tools-for-stm32.12.3.rel1.linux64_1.0.100.202403111256/tools/bin/../lib/gcc/arm-none-eabi/12.3.1/../../../../arm-none-eabi/lib/thumb/v7e-m+fp/hard/libstdc++_nano.a(string-inst.o)
                0x08009054                std::__cxx11::basic_string<char, std::char_traits<char>, std::allocator<char> >::_M_append(char const*, unsigned int)
 .text._ZNSt7__cxx1112basic_stringIcSt11char_traitsIcESaIcEE6appendEPKcj
                0x0800909c       0x20 /home/andre/st/stm32cubeide_1.15.1/plugins/com.st.stm32cube.ide.mcu.externaltools.gnu-tools-for-stm32.12.3.rel1.linux64_1.0.100.202403111256/tools/bin/../lib/gcc/arm-none-eabi/12.3.1/../../../../arm-none-eabi/lib/thumb/v7e-m+fp/hard/libstdc++_nano.a(string-inst.o)
                0x0800909c                std::__cxx11::basic_string<char, std::char_traits<char>, std::allocator<char> >::append(char const*, unsigned int)
 .text._ZNSt7__cxx1112basic_stringIcSt11char_traitsIcESaIcEE6appendERKS4_
                0x080090bc        0xc /home/andre/st/stm32cubeide_1.15.1/plugins/com.st.stm32cube.ide.mcu.externaltools.gnu-tools-for-stm32.12.3.rel1.linux64_1.0.100.202403111256/tools/bin/../lib/gcc/arm-none-eabi/12.3.1/../../../../arm-none-eabi/lib/thumb/v7e-m+fp/hard/libstdc++_nano.a(string-inst.o)
                0x080090bc                std::__cxx11::basic_string<char, std::char_traits<char>, std::allocator<char> >::append(std::__cxx11::basic_string<char, std::char_traits<char>, std::allocator<char> > const&)
 .text._ZNSt7__cxx1112basic_stringIcSt11char_traitsIcESaIcEEpLERKS4_
                0x080090c8        0x8 /home/andre/st/stm32cubeide_1.15.1/plugins/com.st.stm32cube.ide.mcu.externaltools.gnu-tools-for-stm32.12.3.rel1.linux64_1.0.100.202403111256/tools/bin/../lib/gcc/arm-none-eabi/12.3.1/../../../../arm-none-eabi/lib/thumb/v7e-m+fp/hard/libstdc++_nano.a(string-inst.o)
                0x080090c8                std::__cxx11::basic_string<char, std::char_traits<char>, std::allocator<char> >::operator+=(std::__cxx11::basic_string<char, std::char_traits<char>, std::allocator<char> > const&)
 .text._ZNKSt7__cxx1112basic_stringIcSt11char_traitsIcESaIcEE5c_strEv
                0x080090d0        0x4 /home/andre/st/stm32cubeide_1.15.1/plugins/com.st.stm32cube.ide.mcu.externaltools.gnu-tools-for-stm32.12.3.rel1.linux64_1.0.100.202403111256/tools/bin/../lib/gcc/arm-none-eabi/12.3.1/../../../../arm-none-eabi/lib/thumb/v7e-m+fp/hard/libstdc++_nano.a(string-inst.o)
                0x080090d0                std::__cxx11::basic_string<char, std::char_traits<char>, std::allocator<char> >::c_str() const
 .text._ZNSt7__cxx1112basic_stringIcSt11char_traitsIcESaIcEE12_M_constructIPcEEvT_S7_St20forward_iterator_tag
                0x080090d4       0x36 /home/andre/st/stm32cubeide_1.15.1/plugins/com.st.stm32cube.ide.mcu.externaltools.gnu-tools-for-stm32.12.3.rel1.linux64_1.0.100.202403111256/tools/bin/../lib/gcc/arm-none-eabi/12.3.1/../../../../arm-none-eabi/lib/thumb/v7e-m+fp/hard/libstdc++_nano.a(string-inst.o)
                0x080090d4                void std::__cxx11::basic_string<char, std::char_traits<char>, std::allocator<char> >::_M_construct<char*>(char*, char*, std::forward_iterator_tag)
 .text._ZNSt7__cxx1112basic_stringIcSt11char_traitsIcESaIcEEC2ERKS4_
                0x0800910a       0x1c /home/andre/st/stm32cubeide_1.15.1/plugins/com.st.stm32cube.ide.mcu.externaltools.gnu-tools-for-stm32.12.3.rel1.linux64_1.0.100.202403111256/tools/bin/../lib/gcc/arm-none-eabi/12.3.1/../../../../arm-none-eabi/lib/thumb/v7e-m+fp/hard/libstdc++_nano.a(string-inst.o)
                0x0800910a                std::__cxx11::basic_string<char, std::char_traits<char>, std::allocator<char> >::basic_string(std::__cxx11::basic_string<char, std::char_traits<char>, std::allocator<char> > const&)
                0x0800910a                std::__cxx11::basic_string<char, std::char_traits<char>, std::allocator<char> >::basic_string(std::__cxx11::basic_string<char, std::char_traits<char>, std::allocator<char> > const&)
 .text._ZNSt7__cxx1112basic_stringIcSt11char_traitsIcESaIcEE12_M_constructIPKcEEvT_S8_St20forward_iterator_tag
                0x08009126       0x36 /home/andre/st/stm32cubeide_1.15.1/plugins/com.st.stm32cube.ide.mcu.externaltools.gnu-tools-for-stm32.12.3.rel1.linux64_1.0.100.202403111256/tools/bin/../lib/gcc/arm-none-eabi/12.3.1/../../../../arm-none-eabi/lib/thumb/v7e-m+fp/hard/libstdc++_nano.a(string-inst.o)
                0x08009126                void std::__cxx11::basic_string<char, std::char_traits<char>, std::allocator<char> >::_M_construct<char const*>(char const*, char const*, std::forward_iterator_tag)
 .text._ZNSt7__cxx1112basic_stringIcSt11char_traitsIcESaIcEEC2EPKcjRKS3_
                0x0800915c       0x28 /home/andre/st/stm32cubeide_1.15.1/plugins/com.st.stm32cube.ide.mcu.externaltools.gnu-tools-for-stm32.12.3.rel1.linux64_1.0.100.202403111256/tools/bin/../lib/gcc/arm-none-eabi/12.3.1/../../../../arm-none-eabi/lib/thumb/v7e-m+fp/hard/libstdc++_nano.a(string-inst.o)
                0x0800915c                std::__cxx11::basic_string<char, std::char_traits<char>, std::allocator<char> >::basic_string(char const*, unsigned int, std::allocator<char> const&)
                0x0800915c                std::__cxx11::basic_string<char, std::char_traits<char>, std::allocator<char> >::basic_string(char const*, unsigned int, std::allocator<char> const&)
 .text._ZdlPv   0x08009184        0x4 /home/andre/st/stm32cubeide_1.15.1/plugins/com.st.stm32cube.ide.mcu.externaltools.gnu-tools-for-stm32.12.3.rel1.linux64_1.0.100.202403111256/tools/bin/../lib/gcc/arm-none-eabi/12.3.1/../../../../arm-none-eabi/lib/thumb/v7e-m+fp/hard/libstdc++_nano.a(del_op.o)
                0x08009184                operator delete(void*)
 .text._Znwj    0x08009188       0x22 /home/andre/st/stm32cubeide_1.15.1/plugins/com.st.stm32cube.ide.mcu.externaltools.gnu-tools-for-stm32.12.3.rel1.linux64_1.0.100.202403111256/tools/bin/../lib/gcc/arm-none-eabi/12.3.1/../../../../arm-none-eabi/lib/thumb/v7e-m+fp/hard/libstdc++_nano.a(new_op.o)
                0x08009188                operator new(unsigned int)
 .text.unlikely._ZSt17__throw_bad_allocv
                0x080091aa        0x6 /home/andre/st/stm32cubeide_1.15.1/plugins/com.st.stm32cube.ide.mcu.externaltools.gnu-tools-for-stm32.12.3.rel1.linux64_1.0.100.202403111256/tools/bin/../lib/gcc/arm-none-eabi/12.3.1/../../../../arm-none-eabi/lib/thumb/v7e-m+fp/hard/libstdc++_nano.a(functexcept.o)
                0x080091aa                std::__throw_bad_alloc()
 .text.unlikely._ZSt19__throw_logic_errorPKc
                0x080091b0        0x6 /home/andre/st/stm32cubeide_1.15.1/plugins/com.st.stm32cube.ide.mcu.externaltools.gnu-tools-for-stm32.12.3.rel1.linux64_1.0.100.202403111256/tools/bin/../lib/gcc/arm-none-eabi/12.3.1/../../../../arm-none-eabi/lib/thumb/v7e-m+fp/hard/libstdc++_nano.a(functexcept.o)
                0x080091b0                std::__throw_logic_error(char const*)
 .text.unlikely._ZSt20__throw_length_errorPKc
                0x080091b6        0x6 /home/andre/st/stm32cubeide_1.15.1/plugins/com.st.stm32cube.ide.mcu.externaltools.gnu-tools-for-stm32.12.3.rel1.linux64_1.0.100.202403111256/tools/bin/../lib/gcc/arm-none-eabi/12.3.1/../../../../arm-none-eabi/lib/thumb/v7e-m+fp/hard/libstdc++_nano.a(functexcept.o)
                0x080091b6                std::__throw_length_error(char const*)
 .text._ZSt15get_new_handlerv
                0x080091bc       0x10 /home/andre/st/stm32cubeide_1.15.1/plugins/com.st.stm32cube.ide.mcu.externaltools.gnu-tools-for-stm32.12.3.rel1.linux64_1.0.100.202403111256/tools/bin/../lib/gcc/arm-none-eabi/12.3.1/../../../../arm-none-eabi/lib/thumb/v7e-m+fp/hard/libstdc++_nano.a(new_handler.o)
                0x080091bc                std::get_new_handler()
 .text.abort    0x080091cc        0xe /home/andre/st/stm32cubeide_1.15.1/plugins/com.st.stm32cube.ide.mcu.externaltools.gnu-tools-for-stm32.12.3.rel1.linux64_1.0.100.202403111256/tools/bin/../lib/gcc/arm-none-eabi/12.3.1/../../../../arm-none-eabi/lib/thumb/v7e-m+fp/hard/libc_nano.a(libc_a-abort.o)
                0x080091cc                abort
 *fill*         0x080091da        0x2 
 .text.malloc   0x080091dc       0x10 /home/andre/st/stm32cubeide_1.15.1/plugins/com.st.stm32cube.ide.mcu.externaltools.gnu-tools-for-stm32.12.3.rel1.linux64_1.0.100.202403111256/tools/bin/../lib/gcc/arm-none-eabi/12.3.1/../../../../arm-none-eabi/lib/thumb/v7e-m+fp/hard/libc_nano.a(libc_a-malloc.o)
                0x080091dc                malloc
 .text.free     0x080091ec       0x10 /home/andre/st/stm32cubeide_1.15.1/plugins/com.st.stm32cube.ide.mcu.externaltools.gnu-tools-for-stm32.12.3.rel1.linux64_1.0.100.202403111256/tools/bin/../lib/gcc/arm-none-eabi/12.3.1/../../../../arm-none-eabi/lib/thumb/v7e-m+fp/hard/libc_nano.a(libc_a-malloc.o)
                0x080091ec                free
 .text.sbrk_aligned
                0x080091fc       0x44 /home/andre/st/stm32cubeide_1.15.1/plugins/com.st.stm32cube.ide.mcu.externaltools.gnu-tools-for-stm32.12.3.rel1.linux64_1.0.100.202403111256/tools/bin/../lib/gcc/arm-none-eabi/12.3.1/../../../../arm-none-eabi/lib/thumb/v7e-m+fp/hard/libc_nano.a(libc_a-mallocr.o)
 .text._malloc_r
                0x08009240      0x100 /home/andre/st/stm32cubeide_1.15.1/plugins/com.st.stm32cube.ide.mcu.externaltools.gnu-tools-for-stm32.12.3.rel1.linux64_1.0.100.202403111256/tools/bin/../lib/gcc/arm-none-eabi/12.3.1/../../../../arm-none-eabi/lib/thumb/v7e-m+fp/hard/libc_nano.a(libc_a-mallocr.o)
                0x08009240                _malloc_r
 .text.__malloc_lock
                0x08009340        0xc /home/andre/st/stm32cubeide_1.15.1/plugins/com.st.stm32cube.ide.mcu.externaltools.gnu-tools-for-stm32.12.3.rel1.linux64_1.0.100.202403111256/tools/bin/../lib/gcc/arm-none-eabi/12.3.1/../../../../arm-none-eabi/lib/thumb/v7e-m+fp/hard/libc_nano.a(libc_a-mlock.o)
                0x08009340                __malloc_lock
 .text.__malloc_unlock
                0x0800934c        0xc /home/andre/st/stm32cubeide_1.15.1/plugins/com.st.stm32cube.ide.mcu.externaltools.gnu-tools-for-stm32.12.3.rel1.linux64_1.0.100.202403111256/tools/bin/../lib/gcc/arm-none-eabi/12.3.1/../../../../arm-none-eabi/lib/thumb/v7e-m+fp/hard/libc_nano.a(libc_a-mlock.o)
                0x0800934c                __malloc_unlock
 .text.std      0x08009358       0x6c /home/andre/st/stm32cubeide_1.15.1/plugins/com.st.stm32cube.ide.mcu.externaltools.gnu-tools-for-stm32.12.3.rel1.linux64_1.0.100.202403111256/tools/bin/../lib/gcc/arm-none-eabi/12.3.1/../../../../arm-none-eabi/lib/thumb/v7e-m+fp/hard/libc_nano.a(libc_a-findfp.o)
 .text.stdio_exit_handler
                0x080093c4       0x18 /home/andre/st/stm32cubeide_1.15.1/plugins/com.st.stm32cube.ide.mcu.externaltools.gnu-tools-for-stm32.12.3.rel1.linux64_1.0.100.202403111256/tools/bin/../lib/gcc/arm-none-eabi/12.3.1/../../../../arm-none-eabi/lib/thumb/v7e-m+fp/hard/libc_nano.a(libc_a-findfp.o)
 .text.cleanup_stdio
                0x080093dc       0x40 /home/andre/st/stm32cubeide_1.15.1/plugins/com.st.stm32cube.ide.mcu.externaltools.gnu-tools-for-stm32.12.3.rel1.linux64_1.0.100.202403111256/tools/bin/../lib/gcc/arm-none-eabi/12.3.1/../../../../arm-none-eabi/lib/thumb/v7e-m+fp/hard/libc_nano.a(libc_a-findfp.o)
 .text.global_stdio_init.part.0
                0x0800941c       0x3c /home/andre/st/stm32cubeide_1.15.1/plugins/com.st.stm32cube.ide.mcu.externaltools.gnu-tools-for-stm32.12.3.rel1.linux64_1.0.100.202403111256/tools/bin/../lib/gcc/arm-none-eabi/12.3.1/../../../../arm-none-eabi/lib/thumb/v7e-m+fp/hard/libc_nano.a(libc_a-findfp.o)
 .text.__sfp_lock_acquire
                0x08009458        0xc /home/andre/st/stm32cubeide_1.15.1/plugins/com.st.stm32cube.ide.mcu.externaltools.gnu-tools-for-stm32.12.3.rel1.linux64_1.0.100.202403111256/tools/bin/../lib/gcc/arm-none-eabi/12.3.1/../../../../arm-none-eabi/lib/thumb/v7e-m+fp/hard/libc_nano.a(libc_a-findfp.o)
                0x08009458                __sfp_lock_acquire
 .text.__sfp_lock_release
                0x08009464        0xc /home/andre/st/stm32cubeide_1.15.1/plugins/com.st.stm32cube.ide.mcu.externaltools.gnu-tools-for-stm32.12.3.rel1.linux64_1.0.100.202403111256/tools/bin/../lib/gcc/arm-none-eabi/12.3.1/../../../../arm-none-eabi/lib/thumb/v7e-m+fp/hard/libc_nano.a(libc_a-findfp.o)
                0x08009464                __sfp_lock_release
 .text.__sinit  0x08009470       0x30 /home/andre/st/stm32cubeide_1.15.1/plugins/com.st.stm32cube.ide.mcu.externaltools.gnu-tools-for-stm32.12.3.rel1.linux64_1.0.100.202403111256/tools/bin/../lib/gcc/arm-none-eabi/12.3.1/../../../../arm-none-eabi/lib/thumb/v7e-m+fp/hard/libc_nano.a(libc_a-findfp.o)
                0x08009470                __sinit
 .text._fwalk_sglue
                0x080094a0       0x3c /home/andre/st/stm32cubeide_1.15.1/plugins/com.st.stm32cube.ide.mcu.externaltools.gnu-tools-for-stm32.12.3.rel1.linux64_1.0.100.202403111256/tools/bin/../lib/gcc/arm-none-eabi/12.3.1/../../../../arm-none-eabi/lib/thumb/v7e-m+fp/hard/libc_nano.a(libc_a-fwalk.o)
                0x080094a0                _fwalk_sglue
 .text.printf   0x080094dc       0x24 /home/andre/st/stm32cubeide_1.15.1/plugins/com.st.stm32cube.ide.mcu.externaltools.gnu-tools-for-stm32.12.3.rel1.linux64_1.0.100.202403111256/tools/bin/../lib/gcc/arm-none-eabi/12.3.1/../../../../arm-none-eabi/lib/thumb/v7e-m+fp/hard/libc_nano.a(libc_a-printf.o)
                0x080094dc                printf
                0x080094dc                iprintf
 .text.putchar  0x08009500       0x10 /home/andre/st/stm32cubeide_1.15.1/plugins/com.st.stm32cube.ide.mcu.externaltools.gnu-tools-for-stm32.12.3.rel1.linux64_1.0.100.202403111256/tools/bin/../lib/gcc/arm-none-eabi/12.3.1/../../../../arm-none-eabi/lib/thumb/v7e-m+fp/hard/libc_nano.a(libc_a-putchar.o)
                0x08009500                putchar
 .text._puts_r  0x08009510       0xaa /home/andre/st/stm32cubeide_1.15.1/plugins/com.st.stm32cube.ide.mcu.externaltools.gnu-tools-for-stm32.12.3.rel1.linux64_1.0.100.202403111256/tools/bin/../lib/gcc/arm-none-eabi/12.3.1/../../../../arm-none-eabi/lib/thumb/v7e-m+fp/hard/libc_nano.a(libc_a-puts.o)
                0x08009510                _puts_r
 *fill*         0x080095ba        0x2 
 .text.puts     0x080095bc       0x10 /home/andre/st/stm32cubeide_1.15.1/plugins/com.st.stm32cube.ide.mcu.externaltools.gnu-tools-for-stm32.12.3.rel1.linux64_1.0.100.202403111256/tools/bin/../lib/gcc/arm-none-eabi/12.3.1/../../../../arm-none-eabi/lib/thumb/v7e-m+fp/hard/libc_nano.a(libc_a-puts.o)
                0x080095bc                puts
 .text.__sread  0x080095cc       0x22 /home/andre/st/stm32cubeide_1.15.1/plugins/com.st.stm32cube.ide.mcu.externaltools.gnu-tools-for-stm32.12.3.rel1.linux64_1.0.100.202403111256/tools/bin/../lib/gcc/arm-none-eabi/12.3.1/../../../../arm-none-eabi/lib/thumb/v7e-m+fp/hard/libc_nano.a(libc_a-stdio.o)
                0x080095cc                __sread
 .text.__swrite
                0x080095ee       0x38 /home/andre/st/stm32cubeide_1.15.1/plugins/com.st.stm32cube.ide.mcu.externaltools.gnu-tools-for-stm32.12.3.rel1.linux64_1.0.100.202403111256/tools/bin/../lib/gcc/arm-none-eabi/12.3.1/../../../../arm-none-eabi/lib/thumb/v7e-m+fp/hard/libc_nano.a(libc_a-stdio.o)
                0x080095ee                __swrite
 .text.__sseek  0x08009626       0x24 /home/andre/st/stm32cubeide_1.15.1/plugins/com.st.stm32cube.ide.mcu.externaltools.gnu-tools-for-stm32.12.3.rel1.linux64_1.0.100.202403111256/tools/bin/../lib/gcc/arm-none-eabi/12.3.1/../../../../arm-none-eabi/lib/thumb/v7e-m+fp/hard/libc_nano.a(libc_a-stdio.o)
                0x08009626                __sseek
 .text.__sclose
                0x0800964a        0x8 /home/andre/st/stm32cubeide_1.15.1/plugins/com.st.stm32cube.ide.mcu.externaltools.gnu-tools-for-stm32.12.3.rel1.linux64_1.0.100.202403111256/tools/bin/../lib/gcc/arm-none-eabi/12.3.1/../../../../arm-none-eabi/lib/thumb/v7e-m+fp/hard/libc_nano.a(libc_a-stdio.o)
                0x0800964a                __sclose
 .text.__swbuf_r
                0x08009652       0x7c /home/andre/st/stm32cubeide_1.15.1/plugins/com.st.stm32cube.ide.mcu.externaltools.gnu-tools-for-stm32.12.3.rel1.linux64_1.0.100.202403111256/tools/bin/../lib/gcc/arm-none-eabi/12.3.1/../../../../arm-none-eabi/lib/thumb/v7e-m+fp/hard/libc_nano.a(libc_a-wbuf.o)
                0x08009652                __swbuf_r
 *fill*         0x080096ce        0x2 
 .text.__swsetup_r
                0x080096d0       0xac /home/andre/st/stm32cubeide_1.15.1/plugins/com.st.stm32cube.ide.mcu.externaltools.gnu-tools-for-stm32.12.3.rel1.linux64_1.0.100.202403111256/tools/bin/../lib/gcc/arm-none-eabi/12.3.1/../../../../arm-none-eabi/lib/thumb/v7e-m+fp/hard/libc_nano.a(libc_a-wsetup.o)
                0x080096d0                __swsetup_r
 .text.memset   0x0800977c       0x10 /home/andre/st/stm32cubeide_1.15.1/plugins/com.st.stm32cube.ide.mcu.externaltools.gnu-tools-for-stm32.12.3.rel1.linux64_1.0.100.202403111256/tools/bin/../lib/gcc/arm-none-eabi/12.3.1/../../../../arm-none-eabi/lib/thumb/v7e-m+fp/hard/libc_nano.a(libc_a-memset.o)
                0x0800977c                memset
 .text._raise_r
                0x0800978c       0x50 /home/andre/st/stm32cubeide_1.15.1/plugins/com.st.stm32cube.ide.mcu.externaltools.gnu-tools-for-stm32.12.3.rel1.linux64_1.0.100.202403111256/tools/bin/../lib/gcc/arm-none-eabi/12.3.1/../../../../arm-none-eabi/lib/thumb/v7e-m+fp/hard/libc_nano.a(libc_a-signal.o)
                0x0800978c                _raise_r
 .text.raise    0x080097dc       0x10 /home/andre/st/stm32cubeide_1.15.1/plugins/com.st.stm32cube.ide.mcu.externaltools.gnu-tools-for-stm32.12.3.rel1.linux64_1.0.100.202403111256/tools/bin/../lib/gcc/arm-none-eabi/12.3.1/../../../../arm-none-eabi/lib/thumb/v7e-m+fp/hard/libc_nano.a(libc_a-signal.o)
                0x080097dc                raise
 .text._close_r
                0x080097ec       0x20 /home/andre/st/stm32cubeide_1.15.1/plugins/com.st.stm32cube.ide.mcu.externaltools.gnu-tools-for-stm32.12.3.rel1.linux64_1.0.100.202403111256/tools/bin/../lib/gcc/arm-none-eabi/12.3.1/../../../../arm-none-eabi/lib/thumb/v7e-m+fp/hard/libc_nano.a(libc_a-closer.o)
                0x080097ec                _close_r
 .text._lseek_r
                0x0800980c       0x24 /home/andre/st/stm32cubeide_1.15.1/plugins/com.st.stm32cube.ide.mcu.externaltools.gnu-tools-for-stm32.12.3.rel1.linux64_1.0.100.202403111256/tools/bin/../lib/gcc/arm-none-eabi/12.3.1/../../../../arm-none-eabi/lib/thumb/v7e-m+fp/hard/libc_nano.a(libc_a-lseekr.o)
                0x0800980c                _lseek_r
 .text._read_r  0x08009830       0x24 /home/andre/st/stm32cubeide_1.15.1/plugins/com.st.stm32cube.ide.mcu.externaltools.gnu-tools-for-stm32.12.3.rel1.linux64_1.0.100.202403111256/tools/bin/../lib/gcc/arm-none-eabi/12.3.1/../../../../arm-none-eabi/lib/thumb/v7e-m+fp/hard/libc_nano.a(libc_a-readr.o)
                0x08009830                _read_r
 .text._kill_r  0x08009854       0x24 /home/andre/st/stm32cubeide_1.15.1/plugins/com.st.stm32cube.ide.mcu.externaltools.gnu-tools-for-stm32.12.3.rel1.linux64_1.0.100.202403111256/tools/bin/../lib/gcc/arm-none-eabi/12.3.1/../../../../arm-none-eabi/lib/thumb/v7e-m+fp/hard/libc_nano.a(libc_a-signalr.o)
                0x08009854                _kill_r
 .text._getpid_r
                0x08009878        0x4 /home/andre/st/stm32cubeide_1.15.1/plugins/com.st.stm32cube.ide.mcu.externaltools.gnu-tools-for-stm32.12.3.rel1.linux64_1.0.100.202403111256/tools/bin/../lib/gcc/arm-none-eabi/12.3.1/../../../../arm-none-eabi/lib/thumb/v7e-m+fp/hard/libc_nano.a(libc_a-signalr.o)
                0x08009878                _getpid_r
 .text._sbrk_r  0x0800987c       0x20 /home/andre/st/stm32cubeide_1.15.1/plugins/com.st.stm32cube.ide.mcu.externaltools.gnu-tools-for-stm32.12.3.rel1.linux64_1.0.100.202403111256/tools/bin/../lib/gcc/arm-none-eabi/12.3.1/../../../../arm-none-eabi/lib/thumb/v7e-m+fp/hard/libc_nano.a(libc_a-sbrkr.o)
                0x0800987c                _sbrk_r
 .text._write_r
                0x0800989c       0x24 /home/andre/st/stm32cubeide_1.15.1/plugins/com.st.stm32cube.ide.mcu.externaltools.gnu-tools-for-stm32.12.3.rel1.linux64_1.0.100.202403111256/tools/bin/../lib/gcc/arm-none-eabi/12.3.1/../../../../arm-none-eabi/lib/thumb/v7e-m+fp/hard/libc_nano.a(libc_a-writer.o)
                0x0800989c                _write_r
 .text.__errno  0x080098c0        0xc /home/andre/st/stm32cubeide_1.15.1/plugins/com.st.stm32cube.ide.mcu.externaltools.gnu-tools-for-stm32.12.3.rel1.linux64_1.0.100.202403111256/tools/bin/../lib/gcc/arm-none-eabi/12.3.1/../../../../arm-none-eabi/lib/thumb/v7e-m+fp/hard/libc_nano.a(libc_a-errno.o)
                0x080098c0                __errno
 .text.__libc_init_array
                0x080098cc       0x48 /home/andre/st/stm32cubeide_1.15.1/plugins/com.st.stm32cube.ide.mcu.externaltools.gnu-tools-for-stm32.12.3.rel1.linux64_1.0.100.202403111256/tools/bin/../lib/gcc/arm-none-eabi/12.3.1/../../../../arm-none-eabi/lib/thumb/v7e-m+fp/hard/libc_nano.a(libc_a-init.o)
                0x080098cc                __libc_init_array
 .text.__retarget_lock_init_recursive
                0x08009914        0x2 /home/andre/st/stm32cubeide_1.15.1/plugins/com.st.stm32cube.ide.mcu.externaltools.gnu-tools-for-stm32.12.3.rel1.linux64_1.0.100.202403111256/tools/bin/../lib/gcc/arm-none-eabi/12.3.1/../../../../arm-none-eabi/lib/thumb/v7e-m+fp/hard/libc_nano.a(libc_a-lock.o)
                0x08009914                __retarget_lock_init_recursive
 .text.__retarget_lock_acquire_recursive
                0x08009916        0x2 /home/andre/st/stm32cubeide_1.15.1/plugins/com.st.stm32cube.ide.mcu.externaltools.gnu-tools-for-stm32.12.3.rel1.linux64_1.0.100.202403111256/tools/bin/../lib/gcc/arm-none-eabi/12.3.1/../../../../arm-none-eabi/lib/thumb/v7e-m+fp/hard/libc_nano.a(libc_a-lock.o)
                0x08009916                __retarget_lock_acquire_recursive
 .text.__retarget_lock_release_recursive
                0x08009918        0x2 /home/andre/st/stm32cubeide_1.15.1/plugins/com.st.stm32cube.ide.mcu.externaltools.gnu-tools-for-stm32.12.3.rel1.linux64_1.0.100.202403111256/tools/bin/../lib/gcc/arm-none-eabi/12.3.1/../../../../arm-none-eabi/lib/thumb/v7e-m+fp/hard/libc_nano.a(libc_a-lock.o)
                0x08009918                __retarget_lock_release_recursive
 .text.memcpy   0x0800991a       0x1c /home/andre/st/stm32cubeide_1.15.1/plugins/com.st.stm32cube.ide.mcu.externaltools.gnu-tools-for-stm32.12.3.rel1.linux64_1.0.100.202403111256/tools/bin/../lib/gcc/arm-none-eabi/12.3.1/../../../../arm-none-eabi/lib/thumb/v7e-m+fp/hard/libc_nano.a(libc_a-memcpy-stub.o)
                0x0800991a                memcpy
 *fill*         0x08009936        0x2 
 .text._free_r  0x08009938       0x94 /home/andre/st/stm32cubeide_1.15.1/plugins/com.st.stm32cube.ide.mcu.externaltools.gnu-tools-for-stm32.12.3.rel1.linux64_1.0.100.202403111256/tools/bin/../lib/gcc/arm-none-eabi/12.3.1/../../../../arm-none-eabi/lib/thumb/v7e-m+fp/hard/libc_nano.a(libc_a-freer.o)
                0x08009938                _free_r
 .text.__sfputc_r
                0x080099cc       0x2e /home/andre/st/stm32cubeide_1.15.1/plugins/com.st.stm32cube.ide.mcu.externaltools.gnu-tools-for-stm32.12.3.rel1.linux64_1.0.100.202403111256/tools/bin/../lib/gcc/arm-none-eabi/12.3.1/../../../../arm-none-eabi/lib/thumb/v7e-m+fp/hard/libc_nano.a(libc_a-nano-vfprintf.o)
 .text.__sfputs_r
                0x080099fa       0x24 /home/andre/st/stm32cubeide_1.15.1/plugins/com.st.stm32cube.ide.mcu.externaltools.gnu-tools-for-stm32.12.3.rel1.linux64_1.0.100.202403111256/tools/bin/../lib/gcc/arm-none-eabi/12.3.1/../../../../arm-none-eabi/lib/thumb/v7e-m+fp/hard/libc_nano.a(libc_a-nano-vfprintf.o)
                0x080099fa                __sfputs_r
 *fill*         0x08009a1e        0x2 
 .text._vfprintf_r
                0x08009a20      0x230 /home/andre/st/stm32cubeide_1.15.1/plugins/com.st.stm32cube.ide.mcu.externaltools.gnu-tools-for-stm32.12.3.rel1.linux64_1.0.100.202403111256/tools/bin/../lib/gcc/arm-none-eabi/12.3.1/../../../../arm-none-eabi/lib/thumb/v7e-m+fp/hard/libc_nano.a(libc_a-nano-vfprintf.o)
                0x08009a20                _vfiprintf_r
                0x08009a20                _vfprintf_r
 .text._printf_common
                0x08009c50       0xda /home/andre/st/stm32cubeide_1.15.1/plugins/com.st.stm32cube.ide.mcu.externaltools.gnu-tools-for-stm32.12.3.rel1.linux64_1.0.100.202403111256/tools/bin/../lib/gcc/arm-none-eabi/12.3.1/../../../../arm-none-eabi/lib/thumb/v7e-m+fp/hard/libc_nano.a(libc_a-nano-vfprintf_i.o)
                0x08009c50                _printf_common
 *fill*         0x08009d2a        0x2 
 .text._printf_i
                0x08009d2c      0x240 /home/andre/st/stm32cubeide_1.15.1/plugins/com.st.stm32cube.ide.mcu.externaltools.gnu-tools-for-stm32.12.3.rel1.linux64_1.0.100.202403111256/tools/bin/../lib/gcc/arm-none-eabi/12.3.1/../../../../arm-none-eabi/lib/thumb/v7e-m+fp/hard/libc_nano.a(libc_a-nano-vfprintf_i.o)
                0x08009d2c                _printf_i
 .text.__sflush_r
                0x08009f6c      0x108 /home/andre/st/stm32cubeide_1.15.1/plugins/com.st.stm32cube.ide.mcu.externaltools.gnu-tools-for-stm32.12.3.rel1.linux64_1.0.100.202403111256/tools/bin/../lib/gcc/arm-none-eabi/12.3.1/../../../../arm-none-eabi/lib/thumb/v7e-m+fp/hard/libc_nano.a(libc_a-fflush.o)
                0x08009f6c                __sflush_r
 .text._fflush_r
                0x0800a074       0x50 /home/andre/st/stm32cubeide_1.15.1/plugins/com.st.stm32cube.ide.mcu.externaltools.gnu-tools-for-stm32.12.3.rel1.linux64_1.0.100.202403111256/tools/bin/../lib/gcc/arm-none-eabi/12.3.1/../../../../arm-none-eabi/lib/thumb/v7e-m+fp/hard/libc_nano.a(libc_a-fflush.o)
                0x0800a074                _fflush_r
 .text.__swhatbuf_r
                0x0800a0c4       0x4c /home/andre/st/stm32cubeide_1.15.1/plugins/com.st.stm32cube.ide.mcu.externaltools.gnu-tools-for-stm32.12.3.rel1.linux64_1.0.100.202403111256/tools/bin/../lib/gcc/arm-none-eabi/12.3.1/../../../../arm-none-eabi/lib/thumb/v7e-m+fp/hard/libc_nano.a(libc_a-makebuf.o)
                0x0800a0c4                __swhatbuf_r
 .text.__smakebuf_r
                0x0800a110       0x78 /home/andre/st/stm32cubeide_1.15.1/plugins/com.st.stm32cube.ide.mcu.externaltools.gnu-tools-for-stm32.12.3.rel1.linux64_1.0.100.202403111256/tools/bin/../lib/gcc/arm-none-eabi/12.3.1/../../../../arm-none-eabi/lib/thumb/v7e-m+fp/hard/libc_nano.a(libc_a-makebuf.o)
                0x0800a110                __smakebuf_r
 .text._putc_r  0x0800a188       0x68 /home/andre/st/stm32cubeide_1.15.1/plugins/com.st.stm32cube.ide.mcu.externaltools.gnu-tools-for-stm32.12.3.rel1.linux64_1.0.100.202403111256/tools/bin/../lib/gcc/arm-none-eabi/12.3.1/../../../../arm-none-eabi/lib/thumb/v7e-m+fp/hard/libc_nano.a(libc_a-putc.o)
                0x0800a188                _putc_r
 .text._fstat_r
                0x0800a1f0       0x24 /home/andre/st/stm32cubeide_1.15.1/plugins/com.st.stm32cube.ide.mcu.externaltools.gnu-tools-for-stm32.12.3.rel1.linux64_1.0.100.202403111256/tools/bin/../lib/gcc/arm-none-eabi/12.3.1/../../../../arm-none-eabi/lib/thumb/v7e-m+fp/hard/libc_nano.a(libc_a-fstatr.o)
                0x0800a1f0                _fstat_r
 .text._isatty_r
                0x0800a214       0x20 /home/andre/st/stm32cubeide_1.15.1/plugins/com.st.stm32cube.ide.mcu.externaltools.gnu-tools-for-stm32.12.3.rel1.linux64_1.0.100.202403111256/tools/bin/../lib/gcc/arm-none-eabi/12.3.1/../../../../arm-none-eabi/lib/thumb/v7e-m+fp/hard/libc_nano.a(libc_a-isattyr.o)
                0x0800a214                _isatty_r
 *(.glue_7)
 .glue_7        0x0800a234        0x0 linker stubs
 *(.glue_7t)
 .glue_7t       0x0800a234        0x0 linker stubs
 *(.eh_frame)
 .eh_frame      0x0800a234        0x0 /home/andre/st/stm32cubeide_1.15.1/plugins/com.st.stm32cube.ide.mcu.externaltools.gnu-tools-for-stm32.12.3.rel1.linux64_1.0.100.202403111256/tools/bin/../lib/gcc/arm-none-eabi/12.3.1/thumb/v7e-m+fp/hard/crtbegin.o
 *(.init)
 .init          0x0800a234        0x4 /home/andre/st/stm32cubeide_1.15.1/plugins/com.st.stm32cube.ide.mcu.externaltools.gnu-tools-for-stm32.12.3.rel1.linux64_1.0.100.202403111256/tools/bin/../lib/gcc/arm-none-eabi/12.3.1/thumb/v7e-m+fp/hard/crti.o
                0x0800a234                _init
 .init          0x0800a238        0x8 /home/andre/st/stm32cubeide_1.15.1/plugins/com.st.stm32cube.ide.mcu.externaltools.gnu-tools-for-stm32.12.3.rel1.linux64_1.0.100.202403111256/tools/bin/../lib/gcc/arm-none-eabi/12.3.1/thumb/v7e-m+fp/hard/crtn.o
 *(.fini)
 .fini          0x0800a240        0x4 /home/andre/st/stm32cubeide_1.15.1/plugins/com.st.stm32cube.ide.mcu.externaltools.gnu-tools-for-stm32.12.3.rel1.linux64_1.0.100.202403111256/tools/bin/../lib/gcc/arm-none-eabi/12.3.1/thumb/v7e-m+fp/hard/crti.o
                0x0800a240                _fini
 .fini          0x0800a244        0x8 /home/andre/st/stm32cubeide_1.15.1/plugins/com.st.stm32cube.ide.mcu.externaltools.gnu-tools-for-stm32.12.3.rel1.linux64_1.0.100.202403111256/tools/bin/../lib/gcc/arm-none-eabi/12.3.1/thumb/v7e-m+fp/hard/crtn.o
                0x0800a24c                        . = ALIGN (0x4)
                0x0800a24c                        _etext = .

.vfp11_veneer   0x0800a24c        0x0
 .vfp11_veneer  0x0800a24c        0x0 linker stubs

.v4_bx          0x0800a24c        0x0
 .v4_bx         0x0800a24c        0x0 linker stubs

.iplt           0x0800a24c        0x0
 .iplt          0x0800a24c        0x0 /home/andre/st/stm32cubeide_1.15.1/plugins/com.st.stm32cube.ide.mcu.externaltools.gnu-tools-for-stm32.12.3.rel1.linux64_1.0.100.202403111256/tools/bin/../lib/gcc/arm-none-eabi/12.3.1/thumb/v7e-m+fp/hard/crtbegin.o

.rodata         0x0800a24c      0x310
                0x0800a24c                        . = ALIGN (0x4)
 *(.rodata)
 .rodata        0x0800a24c        0x4 ./Core/Src/main.o
 .rodata        0x0800a250       0x14 /home/andre/STM32CubeIDE/workspace_1.15.1/champi_libs_stm/Debug/libchampi_libs_stm.a(MessageRecomposer.o)
 .rodata        0x0800a264      0x1ba /home/andre/STM32CubeIDE/workspace_1.15.1/champi_libs_stm/Debug/libchampi_libs_stm.a(pb_decode.o)
 *(.rodata*)
 *fill*         0x0800a41e        0x2 
 .rodata.AHBPrescTable
                0x0800a420       0x10 ./Core/Src/system_stm32g4xx.o
                0x0800a420                AHBPrescTable
 .rodata.APBPrescTable
                0x0800a430        0x8 ./Core/Src/system_stm32g4xx.o
                0x0800a430                APBPrescTable
 .rodata.DLCtoBytes
                0x0800a438       0x10 ./Drivers/STM32G4xx_HAL_Driver/Src/stm32g4xx_hal_fdcan.o
 .rodata.UARTPrescTable
                0x0800a448       0x18 ./Drivers/STM32G4xx_HAL_Driver/Src/stm32g4xx_hal_uart.o
                0x0800a448                UARTPrescTable
 .rodata.numerator.1
                0x0800a460        0x8 ./Drivers/STM32G4xx_HAL_Driver/Src/stm32g4xx_hal_uart_ex.o
 .rodata.denominator.0
                0x0800a468        0x8 ./Drivers/STM32G4xx_HAL_Driver/Src/stm32g4xx_hal_uart_ex.o
 .rodata._ZTV9ChampiCan
                0x0800a470       0x10 /home/andre/STM32CubeIDE/workspace_1.15.1/champi_libs_stm/Debug/libchampi_libs_stm.a(ChampiCan.o)
                0x0800a470                vtable for ChampiCan
 .rodata._ZTV11ChampiState
                0x0800a480       0x10 /home/andre/STM32CubeIDE/workspace_1.15.1/champi_libs_stm/Debug/libchampi_libs_stm.a(ChampiState.o)
                0x0800a480                vtable for ChampiState
 .rodata._ZTV17MessageRecomposer
                0x0800a490       0x10 /home/andre/STM32CubeIDE/workspace_1.15.1/champi_libs_stm/Debug/libchampi_libs_stm.a(MessageRecomposer.o)
                0x0800a490                vtable for MessageRecomposer
 .rodata.msgs_can_LedRingDistances_field_info
                0x0800a4a0        0xc /home/andre/STM32CubeIDE/workspace_1.15.1/champi_libs_stm/Debug/libchampi_libs_stm.a(msgs_can.pb.o)
                0x0800a4a0                msgs_can_LedRingDistances_field_info
 .rodata.msgs_can_LedRingDistances_submsg_info
                0x0800a4ac        0x4 /home/andre/STM32CubeIDE/workspace_1.15.1/champi_libs_stm/Debug/libchampi_libs_stm.a(msgs_can.pb.o)
                0x0800a4ac                msgs_can_LedRingDistances_submsg_info
 .rodata.msgs_can_LedRingDistances_msg
                0x0800a4b0       0x18 /home/andre/STM32CubeIDE/workspace_1.15.1/champi_libs_stm/Debug/libchampi_libs_stm.a(msgs_can.pb.o)
                0x0800a4b0                msgs_can_LedRingDistances_msg
 .rodata._ZNSt7__cxx1112basic_stringIcSt11char_traitsIcESaIcEE9_M_createERjj.str1.1
                0x0800a4c8       0x18 /home/andre/st/stm32cubeide_1.15.1/plugins/com.st.stm32cube.ide.mcu.externaltools.gnu-tools-for-stm32.12.3.rel1.linux64_1.0.100.202403111256/tools/bin/../lib/gcc/arm-none-eabi/12.3.1/../../../../arm-none-eabi/lib/thumb/v7e-m+fp/hard/libstdc++_nano.a(string-inst.o)
 .rodata._ZNSt7__cxx1112basic_stringIcSt11char_traitsIcESaIcEE6appendEPKcj.str1.1
                0x0800a4e0       0x15 /home/andre/st/stm32cubeide_1.15.1/plugins/com.st.stm32cube.ide.mcu.externaltools.gnu-tools-for-stm32.12.3.rel1.linux64_1.0.100.202403111256/tools/bin/../lib/gcc/arm-none-eabi/12.3.1/../../../../arm-none-eabi/lib/thumb/v7e-m+fp/hard/libstdc++_nano.a(string-inst.o)
 .rodata._ZNSt7__cxx1112basic_stringIcSt11char_traitsIcESaIcEEC2EPKcjRKS3_.str1.1
                0x0800a4f5       0x32 /home/andre/st/stm32cubeide_1.15.1/plugins/com.st.stm32cube.ide.mcu.externaltools.gnu-tools-for-stm32.12.3.rel1.linux64_1.0.100.202403111256/tools/bin/../lib/gcc/arm-none-eabi/12.3.1/../../../../arm-none-eabi/lib/thumb/v7e-m+fp/hard/libstdc++_nano.a(string-inst.o)
 .rodata._vfprintf_r.str1.1
                0x0800a527       0x11 /home/andre/st/stm32cubeide_1.15.1/plugins/com.st.stm32cube.ide.mcu.externaltools.gnu-tools-for-stm32.12.3.rel1.linux64_1.0.100.202403111256/tools/bin/../lib/gcc/arm-none-eabi/12.3.1/../../../../arm-none-eabi/lib/thumb/v7e-m+fp/hard/libc_nano.a(libc_a-nano-vfprintf.o)
 .rodata._printf_i.str1.1
                0x0800a538       0x22 /home/andre/st/stm32cubeide_1.15.1/plugins/com.st.stm32cube.ide.mcu.externaltools.gnu-tools-for-stm32.12.3.rel1.linux64_1.0.100.202403111256/tools/bin/../lib/gcc/arm-none-eabi/12.3.1/../../../../arm-none-eabi/lib/thumb/v7e-m+fp/hard/libc_nano.a(libc_a-nano-vfprintf_i.o)
                0x0800a55c                        . = ALIGN (0x4)
 *fill*         0x0800a55a        0x2 

.ARM.extab      0x0800a55c        0x0
                0x0800a55c                        . = ALIGN (0x4)
 *(.ARM.extab* .gnu.linkonce.armextab.*)
                0x0800a55c                        . = ALIGN (0x4)

.ARM            0x0800a55c        0x8
                0x0800a55c                        . = ALIGN (0x4)
                0x0800a55c                        __exidx_start = .
 *(.ARM.exidx*)
 .ARM.exidx     0x0800a55c        0x8 /home/andre/st/stm32cubeide_1.15.1/plugins/com.st.stm32cube.ide.mcu.externaltools.gnu-tools-for-stm32.12.3.rel1.linux64_1.0.100.202403111256/tools/bin/../lib/gcc/arm-none-eabi/12.3.1/../../../../arm-none-eabi/lib/thumb/v7e-m+fp/hard/libc_nano.a(libc_a-memchr.o)
 .ARM.exidx     0x0800a564        0x0 /home/andre/st/stm32cubeide_1.15.1/plugins/com.st.stm32cube.ide.mcu.externaltools.gnu-tools-for-stm32.12.3.rel1.linux64_1.0.100.202403111256/tools/bin/../lib/gcc/arm-none-eabi/12.3.1/thumb/v7e-m+fp/hard/libgcc.a(_udivmoddi4.o)
                                  0x8 (size before relaxing)
                0x0800a564                        __exidx_end = .
                0x0800a564                        . = ALIGN (0x4)

.preinit_array  0x0800a564        0x0
                0x0800a564                        . = ALIGN (0x4)